
[32m============================================================[0m
[32m                ABSTRACTION-ONLY MODE[0m
[32m============================================================[0m

[32m▶ Abstracting models with MAB...[0m
  Input:  bin/anytree/mop_model
  Output: bin/benchmark-anytree-cluster/mab_model
  Level:  C

23:27:58.736 [main] DEBUG tools.abstraction.ModelAbstraction:ModelAbstraction-0 -- numOpenedInputPorts (inc): 1
23:27:58.740 [main] DEBUG org.oceandsl.analysis.architecture.stages.ModelSink:ModelSink-0 -- numOpenedInputPorts (inc): 1
23:27:58.748 [main] DEBUG teetime.framework.scheduling.pushpullmodel.A3PipeInstantiation -- Connected (unsynch) teetime.framework.OutputPort@4cb2c100 and teetime.framework.InputPort@6fb554cc
23:27:58.749 [main] DEBUG teetime.framework.scheduling.pushpullmodel.A3PipeInstantiation -- Connected (unsynch) teetime.framework.OutputPort@6be46e8f and teetime.framework.InputPort@3567135c
23:27:58.753 [Thread for ModelRepositoryProducerStage-0] DEBUG org.oceandsl.analysis.architecture.stages.ModelRepositoryProducerStage -- Executing runnable stage...
23:27:58.753 [main] INFO teetime.framework.Execution -- Using scheduler: teetime.framework.scheduling.pushpullmodel.PushPullScheduling@7f560810
23:27:59.142 [Thread for ModelRepositoryProducerStage-0] INFO org.oceandsl.analysis.architecture.ArchitectureModelManagementUtils -- Loading model type-model.xmi
23:27:59.305 [Thread for ModelRepositoryProducerStage-0] INFO org.oceandsl.analysis.architecture.ArchitectureModelManagementUtils -- Loading model assembly-model.xmi
23:27:59.396 [Thread for ModelRepositoryProducerStage-0] INFO org.oceandsl.analysis.architecture.ArchitectureModelManagementUtils -- Loading model deployment-model.xmi
23:27:59.477 [Thread for ModelRepositoryProducerStage-0] INFO org.oceandsl.analysis.architecture.ArchitectureModelManagementUtils -- Loading model execution-model.xmi
23:27:59.602 [Thread for ModelRepositoryProducerStage-0] INFO org.oceandsl.analysis.architecture.ArchitectureModelManagementUtils -- Loading model statistics-model.xmi
23:27:59.711 [Thread for ModelRepositoryProducerStage-0] INFO org.oceandsl.analysis.architecture.ArchitectureModelManagementUtils -- Loading model source-model.xmi
[32m
===== ORIGINAL MODEL STATE =====
ComponentTypes: 85
AssemblyComponents: 85
Invocations: 387
Statistics entries: 388
Source entries: 224[0m
[32mDisplayed edges: 172[0m

Component communication edges: 154
Components participating in communication: 68
[35m
===== AUTOMATIC RESOLUTION SELECTION =====[0m
Resolution  Clusters  Modularity   Largest      Singletons   Valid   
0.25        2         0.232384     86.76%       0.00%        no      
0.50        3         0.390553     58.82%       0.00%        no      
0.75        4         0.464486     41.18%       0.00%        yes     
1.00        5         0.471049     25.00%       0.00%        yes     
1.25        7         0.464533     22.06%       0.00%        yes     
1.50        8         0.461587     20.59%       0.00%        yes     
2.00        11        0.430922     19.12%       0.00%        no      
3.00        12        0.413200     13.24%       1.47%        no      
[32mSelected resolution: 1.00
[0m[35m
===== LEIDEN CLUSTERING =====[0m
Quality function: modularity
Resolution: 1.0000
Seed: 0
Nodes: 68
Edges: 154
Clusters: 5
Modularity quality: 0.471049
Internal raw-call share: 70.90%

CLUSTER:1
  _pickle._pickle
  anytree.exporter.dictexporter
  anytree.exporter.dictexporter.DictExporter
  anytree.exporter.dotexporter
  anytree.exporter.jsonexporter
  anytree.exporter.mermaidexporter
  anytree.importer.dictimporter
  anytree.importer.dictimporter.DictImporter
  anytree.importer.jsonimporter
  calendar.calendar
  os.os
  ossaudiodev.ossaudiodev
  pdb.pdb
  platform.platform
  subprocess.subprocess
  tempfile.tempfile
  tkinter.tkinter

CLUSTER:2
  _sqlite3._sqlite3
  _weakrefset._weakrefset
  anytree.cachedsearch
  anytree.iterators.abstractiter
  anytree.iterators.levelordergroupiter
  anytree.iterators.levelorderiter
  anytree.iterators.postorderiter
  anytree.iterators.preorderiter
  anytree.node.symlinknodemixin
  anytree.render
  anytree.resolver
  anytree.resolver.Resolver
  anytree.search
  anytree.search.CountError
  asyncio.asyncio
  ftplib.ftplib
  functools.functools

CLUSTER:3
  anytree.config
  anytree.dotexport
  anytree.iterators.levelordergroupiter.LevelOrderGroupIter
  anytree.iterators.zigzaggroupiter
  anytree.node.anynode
  anytree.node.node
  anytree.node.symlinknode
  anytree.node.util
  anytree.util.__init__
  anytree.walker
  anytree.walker.WalkError
  builtins.builtins
  logging.logging
  math.math
  shutil.shutil

CLUSTER:4
  ++unknown-component++
  anytree.exporter.dotexporter.DotExporter
  anytree.iterators.abstractiter.AbstractIter
  anytree.iterators.levelorderiter.LevelOrderIter
  anytree.iterators.preorderiter.PreOrderIter
  anytree.node.node.Node
  anytree.node.nodemixin.NodeMixin
  anytree.render.AbstractStyle
  anytree.render.ContStyle
  anytree.render.RenderTree

CLUSTER:5
  anytree.node.exceptions.LoopError
  anytree.node.exceptions.TreeError
  anytree.node.lightnodemixin
  anytree.node.nodemixin
  audioop.audioop
  pydoc.pydoc
  re.re
  tokenize.tokenize
  unittest.unittest

===== CLUSTER TRANSFORMATION =====
Clustered components: 68
Residual components: 17
[32m
Leiden clustering completed.[0m
[32m
===== COMPLETE MODEL VALIDATION =====
ComponentTypes: 85
AssemblyComponents: 85
DeployedComponents: 93
OperationTypes: 576
AssemblyOperations: 576
DeployedOperations: 576
Invocations: 387
Invocation call sum: 727
Statistics entries: 388
Source entries: 224
Consistency errors: 0[0m
[32mDisplayed edges: 172[0m
23:28:00.178 [Thread for ModelRepositoryProducerStage-0] INFO org.oceandsl.analysis.architecture.ArchitectureModelManagementUtils -- Saving model type-model.xmi
23:28:00.239 [Thread for ModelRepositoryProducerStage-0] INFO org.oceandsl.analysis.architecture.ArchitectureModelManagementUtils -- Saving model assembly-model.xmi
23:28:00.315 [Thread for ModelRepositoryProducerStage-0] INFO org.oceandsl.analysis.architecture.ArchitectureModelManagementUtils -- Saving model deployment-model.xmi
23:28:00.369 [Thread for ModelRepositoryProducerStage-0] INFO org.oceandsl.analysis.architecture.ArchitectureModelManagementUtils -- Saving model execution-model.xmi
23:28:00.475 [Thread for ModelRepositoryProducerStage-0] INFO org.oceandsl.analysis.architecture.ArchitectureModelManagementUtils -- Saving model statistics-model.xmi
23:28:00.525 [Thread for ModelRepositoryProducerStage-0] INFO org.oceandsl.analysis.architecture.ArchitectureModelManagementUtils -- Saving model source-model.xmi
23:28:00.538 [Thread for ModelRepositoryProducerStage-0] DEBUG org.oceandsl.analysis.architecture.stages.ModelRepositoryProducerStage -- Finished runnable stage. (ModelRepositoryProducerStage-0)
real 2.002
user 7.053
sys 0.630
[32m✔ Abstraction finished.[0m
[32m▶ Running MVIS...[0m
23:28:00.791 [main] DEBUG ModelVisualizationMain -- architecture modeler
23:28:00.863 [main] DEBUG teetime.stage.basic.distributor.Distributor:Distributor-0 -- numOpenedInputPorts (inc): 1
23:28:00.865 [main] DEBUG teetime.stage.basic.distributor.Distributor:Distributor-1 -- numOpenedInputPorts (inc): 1
23:28:00.866 [main] DEBUG kieker.analysis.architecture.dependency.DependencyGraphCreatorStage:DependencyGraphCreatorStage-0 -- numOpenedInputPorts (inc): 1
23:28:01.041 [main] DEBUG kieker.analysis.generic.sink.graph.dot.DotFileWriterStage:DotFileWriterStage-0 -- numOpenedInputPorts (inc): 1
23:28:01.055 [main] DEBUG teetime.framework.scheduling.pushpullmodel.A3PipeInstantiation -- Connected (unsynch) teetime.framework.OutputPort@3d3fcdb0 and teetime.framework.InputPort@641147d0
23:28:01.055 [main] DEBUG teetime.framework.scheduling.pushpullmodel.A3PipeInstantiation -- Connected (unsynch) teetime.framework.OutputPort@64d7f7e0 and teetime.framework.InputPort@27c6e487
23:28:01.055 [main] DEBUG teetime.framework.scheduling.pushpullmodel.A3PipeInstantiation -- Connected (unsynch) teetime.framework.OutputPort@28c4711c and teetime.framework.InputPort@59717824
23:28:01.055 [main] DEBUG teetime.framework.scheduling.pushpullmodel.A3PipeInstantiation -- Connected (unsynch) teetime.framework.OutputPort@15d9bc04 and teetime.framework.InputPort@473b46c3
23:28:01.060 [Thread for ModelRepositoryProducerStage-0] DEBUG org.oceandsl.analysis.architecture.stages.ModelRepositoryProducerStage -- Executing runnable stage...
23:28:01.061 [main] DEBUG teetime.framework.Execution -- Using scheduler: teetime.framework.scheduling.pushpullmodel.PushPullScheduling
23:28:01.062 [main] DEBUG ModelVisualizationMain -- Running arch-mod
23:28:01.323 [Thread for ModelRepositoryProducerStage-0] INFO org.oceandsl.analysis.architecture.ArchitectureModelManagementUtils -- Loading model type-model.xmi
23:28:01.533 [Thread for ModelRepositoryProducerStage-0] INFO org.oceandsl.analysis.architecture.ArchitectureModelManagementUtils -- Loading model assembly-model.xmi
23:28:01.650 [Thread for ModelRepositoryProducerStage-0] INFO org.oceandsl.analysis.architecture.ArchitectureModelManagementUtils -- Loading model deployment-model.xmi
23:28:01.724 [Thread for ModelRepositoryProducerStage-0] INFO org.oceandsl.analysis.architecture.ArchitectureModelManagementUtils -- Loading model execution-model.xmi
23:28:01.859 [Thread for ModelRepositoryProducerStage-0] INFO org.oceandsl.analysis.architecture.ArchitectureModelManagementUtils -- Loading model statistics-model.xmi
23:28:02.001 [Thread for ModelRepositoryProducerStage-0] INFO org.oceandsl.analysis.architecture.ArchitectureModelManagementUtils -- Loading model source-model.xmi
23:28:02.310 [Thread for ModelRepositoryProducerStage-0] DEBUG org.oceandsl.analysis.architecture.stages.ModelRepositoryProducerStage -- Finished runnable stage. (ModelRepositoryProducerStage-0)
23:28:02.311 [main] DEBUG ModelVisualizationMain -- Done
real 1.770
user 5.715
sys 0.310
[32m▶ Visualizing graph...[0m
▶ Trying visualization with edge bundling...
real 0.856
user 1.619
sys 0.081
✔ Visualization with edge bundling finished.

[32m============================================================[0m
[32m          ABSTRACTION + VISUALIZATION DONE[0m
[32m============================================================[0m

[32mMAB model:[0m      bin/benchmark-anytree-cluster/mab_model
[32mDOT graph:[0m      bin/benchmark-anytree-cluster/mvis_combined/mab_model-component.dot
[32mVisualization:[0m bin/benchmark-anytree-cluster/mvis_combined/output.svg


BENCH_EXIT_CODE=0

BENCH_RESULT_JSON={"reported_displayed_edges": 172, "exit_code": 0, "original_component_types": 85, "original_assembly_components": 85, "original_invocations": 387, "original_statistics_entries": 388, "original_source_entries": 224, "final_component_types": 85, "final_assembly_components": 85, "final_deployed_components": 93, "final_operation_types": 576, "final_assembly_operations": 576, "final_deployed_operations": 576, "final_invocations": 387, "final_invocation_calls": 727, "final_statistics_entries": 388, "final_source_entries": 224, "tulip_mode": "requested", "consistency_errors": 0, "mab_attempts": 1, "mab_real_s": 2.002, "mab_user_s": 7.053, "mab_sys_s": 0.63, "mvis_attempts": 1, "mvis_real_s": 1.77, "mvis_user_s": 5.715, "mvis_sys_s": 0.31, "tulip_attempts": 1, "tulip_real_s": 0.856, "tulip_user_s": 1.619, "tulip_sys_s": 0.081, "phases_real_s": 4.628, "warnings": "", "case": "anytree_cluster", "run": 1, "warmup": 1, "status": "ok", "log": "/home/macintosh/PCARP/benchmark-results/20260922-232121-sl2zpu3g/0007.log", "workflow_real_s": 4.634995, "workflow_user_s": 14.393557, "workflow_sys_s": 1.021335, "original_operation_types": 576, "original_assembly_operations": 576, "original_deployed_components": 93, "original_deployed_operations": 576, "original_operation_dataflows": 202, "original_storage_dataflows": 53, "original_model_bytes": 937572, "model_bytes": 939499, "final_operation_dataflows": 202, "final_storage_dataflows": 53}
