
[32m============================================================[0m
[32m                ABSTRACTION-ONLY MODE[0m
[32m============================================================[0m

[32m▶ Abstracting models with MAB...[0m
  Input:  bin/anytree/mop_model
  Output: bin/benchmark-anytree-identity/mab_model
  Level:  I

23:41:55.391 [main] DEBUG tools.abstraction.ModelAbstraction:ModelAbstraction-0 -- numOpenedInputPorts (inc): 1
23:41:55.394 [main] DEBUG org.oceandsl.analysis.architecture.stages.ModelSink:ModelSink-0 -- numOpenedInputPorts (inc): 1
23:41:55.401 [main] DEBUG teetime.framework.scheduling.pushpullmodel.A3PipeInstantiation -- Connected (unsynch) teetime.framework.OutputPort@4cb2c100 and teetime.framework.InputPort@6fb554cc
23:41:55.402 [main] DEBUG teetime.framework.scheduling.pushpullmodel.A3PipeInstantiation -- Connected (unsynch) teetime.framework.OutputPort@6be46e8f and teetime.framework.InputPort@3567135c
23:41:55.406 [Thread for ModelRepositoryProducerStage-0] DEBUG org.oceandsl.analysis.architecture.stages.ModelRepositoryProducerStage -- Executing runnable stage...
23:41:55.406 [main] INFO teetime.framework.Execution -- Using scheduler: teetime.framework.scheduling.pushpullmodel.PushPullScheduling@7f560810
23:41:55.686 [Thread for ModelRepositoryProducerStage-0] INFO org.oceandsl.analysis.architecture.ArchitectureModelManagementUtils -- Loading model type-model.xmi
23:41:55.792 [Thread for ModelRepositoryProducerStage-0] INFO org.oceandsl.analysis.architecture.ArchitectureModelManagementUtils -- Loading model assembly-model.xmi
23:41:55.856 [Thread for ModelRepositoryProducerStage-0] INFO org.oceandsl.analysis.architecture.ArchitectureModelManagementUtils -- Loading model deployment-model.xmi
23:41:55.890 [Thread for ModelRepositoryProducerStage-0] INFO org.oceandsl.analysis.architecture.ArchitectureModelManagementUtils -- Loading model execution-model.xmi
23:41:55.966 [Thread for ModelRepositoryProducerStage-0] INFO org.oceandsl.analysis.architecture.ArchitectureModelManagementUtils -- Loading model statistics-model.xmi
23:41:56.035 [Thread for ModelRepositoryProducerStage-0] INFO org.oceandsl.analysis.architecture.ArchitectureModelManagementUtils -- Loading model source-model.xmi
[32m
===== ORIGINAL MODEL STATE =====
ComponentTypes: 85
AssemblyComponents: 85
Invocations: 387
Statistics entries: 388
Source entries: 224[0m
[32mDisplayed edges: 172[0m
23:41:56.114 [Thread for ModelRepositoryProducerStage-0] INFO org.oceandsl.analysis.architecture.ArchitectureModelManagementUtils -- Saving model type-model.xmi
23:41:56.156 [Thread for ModelRepositoryProducerStage-0] INFO org.oceandsl.analysis.architecture.ArchitectureModelManagementUtils -- Saving model assembly-model.xmi
23:41:56.195 [Thread for ModelRepositoryProducerStage-0] INFO org.oceandsl.analysis.architecture.ArchitectureModelManagementUtils -- Saving model deployment-model.xmi
23:41:56.233 [Thread for ModelRepositoryProducerStage-0] INFO org.oceandsl.analysis.architecture.ArchitectureModelManagementUtils -- Saving model execution-model.xmi
23:41:56.315 [Thread for ModelRepositoryProducerStage-0] INFO org.oceandsl.analysis.architecture.ArchitectureModelManagementUtils -- Saving model statistics-model.xmi
23:41:56.351 [Thread for ModelRepositoryProducerStage-0] INFO org.oceandsl.analysis.architecture.ArchitectureModelManagementUtils -- Saving model source-model.xmi
23:41:56.357 [Thread for ModelRepositoryProducerStage-0] DEBUG org.oceandsl.analysis.architecture.stages.ModelRepositoryProducerStage -- Finished runnable stage. (ModelRepositoryProducerStage-0)
real 1.180
user 3.750
sys 0.344
[32m✔ Abstraction finished.[0m
[32m▶ Running MVIS...[0m
23:41:56.561 [main] DEBUG ModelVisualizationMain -- architecture modeler
23:41:56.614 [main] DEBUG teetime.stage.basic.distributor.Distributor:Distributor-0 -- numOpenedInputPorts (inc): 1
23:41:56.615 [main] DEBUG teetime.stage.basic.distributor.Distributor:Distributor-1 -- numOpenedInputPorts (inc): 1
23:41:56.616 [main] DEBUG kieker.analysis.architecture.dependency.DependencyGraphCreatorStage:DependencyGraphCreatorStage-0 -- numOpenedInputPorts (inc): 1
23:41:56.721 [main] DEBUG kieker.analysis.generic.sink.graph.dot.DotFileWriterStage:DotFileWriterStage-0 -- numOpenedInputPorts (inc): 1
23:41:56.728 [main] DEBUG teetime.framework.scheduling.pushpullmodel.A3PipeInstantiation -- Connected (unsynch) teetime.framework.OutputPort@3d3fcdb0 and teetime.framework.InputPort@641147d0
23:41:56.728 [main] DEBUG teetime.framework.scheduling.pushpullmodel.A3PipeInstantiation -- Connected (unsynch) teetime.framework.OutputPort@64d7f7e0 and teetime.framework.InputPort@27c6e487
23:41:56.728 [main] DEBUG teetime.framework.scheduling.pushpullmodel.A3PipeInstantiation -- Connected (unsynch) teetime.framework.OutputPort@28c4711c and teetime.framework.InputPort@59717824
23:41:56.728 [main] DEBUG teetime.framework.scheduling.pushpullmodel.A3PipeInstantiation -- Connected (unsynch) teetime.framework.OutputPort@15d9bc04 and teetime.framework.InputPort@473b46c3
23:41:56.731 [main] DEBUG teetime.framework.Execution -- Using scheduler: teetime.framework.scheduling.pushpullmodel.PushPullScheduling
23:41:56.731 [Thread for ModelRepositoryProducerStage-0] DEBUG org.oceandsl.analysis.architecture.stages.ModelRepositoryProducerStage -- Executing runnable stage...
23:41:56.732 [main] DEBUG ModelVisualizationMain -- Running arch-mod
23:41:56.903 [Thread for ModelRepositoryProducerStage-0] INFO org.oceandsl.analysis.architecture.ArchitectureModelManagementUtils -- Loading model type-model.xmi
23:41:57.009 [Thread for ModelRepositoryProducerStage-0] INFO org.oceandsl.analysis.architecture.ArchitectureModelManagementUtils -- Loading model assembly-model.xmi
23:41:57.070 [Thread for ModelRepositoryProducerStage-0] INFO org.oceandsl.analysis.architecture.ArchitectureModelManagementUtils -- Loading model deployment-model.xmi
23:41:57.106 [Thread for ModelRepositoryProducerStage-0] INFO org.oceandsl.analysis.architecture.ArchitectureModelManagementUtils -- Loading model execution-model.xmi
23:41:57.188 [Thread for ModelRepositoryProducerStage-0] INFO org.oceandsl.analysis.architecture.ArchitectureModelManagementUtils -- Loading model statistics-model.xmi
23:41:57.270 [Thread for ModelRepositoryProducerStage-0] INFO org.oceandsl.analysis.architecture.ArchitectureModelManagementUtils -- Loading model source-model.xmi
23:41:57.508 [Thread for ModelRepositoryProducerStage-0] DEBUG org.oceandsl.analysis.architecture.stages.ModelRepositoryProducerStage -- Finished runnable stage. (ModelRepositoryProducerStage-0)
23:41:57.509 [main] DEBUG ModelVisualizationMain -- Done
real 1.161
user 3.500
sys 0.288
[32m▶ Visualizing graph...[0m
▶ Trying visualization with edge bundling...
real 0.676
user 1.615
sys 0.049
✔ Visualization with edge bundling finished.

[32m============================================================[0m
[32m          ABSTRACTION + VISUALIZATION DONE[0m
[32m============================================================[0m

[32mMAB model:[0m      bin/benchmark-anytree-identity/mab_model
[32mDOT graph:[0m      bin/benchmark-anytree-identity/mvis_combined/mab_model-component.dot
[32mVisualization:[0m bin/benchmark-anytree-identity/mvis_combined/output.svg


BENCH_EXIT_CODE=0

BENCH_RESULT_JSON={"reported_displayed_edges": 172, "exit_code": 0, "original_component_types": 85, "original_assembly_components": 85, "original_invocations": 387, "original_statistics_entries": 388, "original_source_entries": 224, "tulip_mode": "requested", "mab_attempts": 1, "mab_real_s": 1.18, "mab_user_s": 3.75, "mab_sys_s": 0.344, "mvis_attempts": 1, "mvis_real_s": 1.161, "mvis_user_s": 3.5, "mvis_sys_s": 0.288, "tulip_attempts": 1, "tulip_real_s": 0.676, "tulip_user_s": 1.615, "tulip_sys_s": 0.049, "phases_real_s": 3.017, "warnings": "", "case": "anytree_identity", "run": 1, "warmup": 0, "status": "ok", "log": "/home/macintosh/PCARP/benchmark-results/20260922-232121-sl2zpu3g/0026.log", "workflow_real_s": 3.025114, "workflow_user_s": 8.870774, "workflow_sys_s": 0.68352, "original_operation_types": 576, "original_assembly_operations": 576, "original_deployed_components": 93, "original_deployed_operations": 576, "original_operation_dataflows": 202, "original_storage_dataflows": 53, "original_model_bytes": 937572, "model_bytes": 977868, "final_component_types": 85, "final_operation_types": 576, "final_assembly_components": 85, "final_assembly_operations": 576, "final_deployed_components": 93, "final_deployed_operations": 576, "final_invocations": 387, "final_operation_dataflows": 202, "final_storage_dataflows": 53, "final_statistics_entries": 388, "final_source_entries": 224}
