
[32m============================================================[0m
[32m                ABSTRACTION-ONLY MODE[0m
[32m============================================================[0m

[32m▶ Abstracting models with MAB...[0m
  Input:  bin/scipy/mop_model
  Output: bin/benchmark-scipy-identity/mab_model
  Level:  I

23:41:58.435 [main] DEBUG tools.abstraction.ModelAbstraction:ModelAbstraction-0 -- numOpenedInputPorts (inc): 1
23:41:58.438 [main] DEBUG org.oceandsl.analysis.architecture.stages.ModelSink:ModelSink-0 -- numOpenedInputPorts (inc): 1
23:41:58.444 [main] DEBUG teetime.framework.scheduling.pushpullmodel.A3PipeInstantiation -- Connected (unsynch) teetime.framework.OutputPort@4cb2c100 and teetime.framework.InputPort@6fb554cc
23:41:58.445 [main] DEBUG teetime.framework.scheduling.pushpullmodel.A3PipeInstantiation -- Connected (unsynch) teetime.framework.OutputPort@6be46e8f and teetime.framework.InputPort@3567135c
23:41:58.448 [Thread for ModelRepositoryProducerStage-0] DEBUG org.oceandsl.analysis.architecture.stages.ModelRepositoryProducerStage -- Executing runnable stage...
23:41:58.449 [main] INFO teetime.framework.Execution -- Using scheduler: teetime.framework.scheduling.pushpullmodel.PushPullScheduling@7f560810
23:41:58.710 [Thread for ModelRepositoryProducerStage-0] INFO org.oceandsl.analysis.architecture.ArchitectureModelManagementUtils -- Loading model type-model.xmi
23:41:59.328 [Thread for ModelRepositoryProducerStage-0] INFO org.oceandsl.analysis.architecture.ArchitectureModelManagementUtils -- Loading model assembly-model.xmi
23:42:00.230 [Thread for ModelRepositoryProducerStage-0] INFO org.oceandsl.analysis.architecture.ArchitectureModelManagementUtils -- Loading model deployment-model.xmi
23:42:00.942 [Thread for ModelRepositoryProducerStage-0] INFO org.oceandsl.analysis.architecture.ArchitectureModelManagementUtils -- Loading model execution-model.xmi
23:42:04.878 [Thread for ModelRepositoryProducerStage-0] INFO org.oceandsl.analysis.architecture.ArchitectureModelManagementUtils -- Loading model statistics-model.xmi
23:42:06.713 [Thread for ModelRepositoryProducerStage-0] INFO org.oceandsl.analysis.architecture.ArchitectureModelManagementUtils -- Loading model source-model.xmi
[32m
===== ORIGINAL MODEL STATE =====
ComponentTypes: 1443
AssemblyComponents: 1443
Invocations: 95293
Statistics entries: 79186
Source entries: 478[0m
[32mDisplayed edges: 10032[0m
23:42:08.111 [Thread for ModelRepositoryProducerStage-0] INFO org.oceandsl.analysis.architecture.ArchitectureModelManagementUtils -- Saving model type-model.xmi
23:42:08.422 [Thread for ModelRepositoryProducerStage-0] INFO org.oceandsl.analysis.architecture.ArchitectureModelManagementUtils -- Saving model assembly-model.xmi
23:42:09.014 [Thread for ModelRepositoryProducerStage-0] INFO org.oceandsl.analysis.architecture.ArchitectureModelManagementUtils -- Saving model deployment-model.xmi
23:42:09.599 [Thread for ModelRepositoryProducerStage-0] INFO org.oceandsl.analysis.architecture.ArchitectureModelManagementUtils -- Saving model execution-model.xmi
23:42:13.707 [Thread for ModelRepositoryProducerStage-0] INFO org.oceandsl.analysis.architecture.ArchitectureModelManagementUtils -- Saving model statistics-model.xmi
23:42:14.461 [Thread for ModelRepositoryProducerStage-0] INFO org.oceandsl.analysis.architecture.ArchitectureModelManagementUtils -- Saving model source-model.xmi
23:42:14.470 [Thread for ModelRepositoryProducerStage-0] DEBUG org.oceandsl.analysis.architecture.stages.ModelRepositoryProducerStage -- Finished runnable stage. (ModelRepositoryProducerStage-0)
real 16.214
user 29.330
sys 7.466
[32m✔ Abstraction finished.[0m
[32m▶ Running MVIS...[0m
23:42:14.641 [main] DEBUG ModelVisualizationMain -- architecture modeler
23:42:14.686 [main] DEBUG teetime.stage.basic.distributor.Distributor:Distributor-0 -- numOpenedInputPorts (inc): 1
23:42:14.688 [main] DEBUG teetime.stage.basic.distributor.Distributor:Distributor-1 -- numOpenedInputPorts (inc): 1
23:42:14.689 [main] DEBUG kieker.analysis.architecture.dependency.DependencyGraphCreatorStage:DependencyGraphCreatorStage-0 -- numOpenedInputPorts (inc): 1
23:42:14.775 [main] DEBUG kieker.analysis.generic.sink.graph.dot.DotFileWriterStage:DotFileWriterStage-0 -- numOpenedInputPorts (inc): 1
23:42:14.781 [main] DEBUG teetime.framework.scheduling.pushpullmodel.A3PipeInstantiation -- Connected (unsynch) teetime.framework.OutputPort@3d3fcdb0 and teetime.framework.InputPort@641147d0
23:42:14.781 [main] DEBUG teetime.framework.scheduling.pushpullmodel.A3PipeInstantiation -- Connected (unsynch) teetime.framework.OutputPort@64d7f7e0 and teetime.framework.InputPort@27c6e487
23:42:14.781 [main] DEBUG teetime.framework.scheduling.pushpullmodel.A3PipeInstantiation -- Connected (unsynch) teetime.framework.OutputPort@28c4711c and teetime.framework.InputPort@59717824
23:42:14.781 [main] DEBUG teetime.framework.scheduling.pushpullmodel.A3PipeInstantiation -- Connected (unsynch) teetime.framework.OutputPort@15d9bc04 and teetime.framework.InputPort@473b46c3
23:42:14.785 [main] DEBUG teetime.framework.Execution -- Using scheduler: teetime.framework.scheduling.pushpullmodel.PushPullScheduling
23:42:14.785 [Thread for ModelRepositoryProducerStage-0] DEBUG org.oceandsl.analysis.architecture.stages.ModelRepositoryProducerStage -- Executing runnable stage...
23:42:14.786 [main] DEBUG ModelVisualizationMain -- Running arch-mod
23:42:14.953 [Thread for ModelRepositoryProducerStage-0] INFO org.oceandsl.analysis.architecture.ArchitectureModelManagementUtils -- Loading model type-model.xmi
23:42:15.560 [Thread for ModelRepositoryProducerStage-0] INFO org.oceandsl.analysis.architecture.ArchitectureModelManagementUtils -- Loading model assembly-model.xmi
23:42:16.437 [Thread for ModelRepositoryProducerStage-0] INFO org.oceandsl.analysis.architecture.ArchitectureModelManagementUtils -- Loading model deployment-model.xmi
23:42:17.245 [Thread for ModelRepositoryProducerStage-0] INFO org.oceandsl.analysis.architecture.ArchitectureModelManagementUtils -- Loading model execution-model.xmi
23:42:20.885 [Thread for ModelRepositoryProducerStage-0] INFO org.oceandsl.analysis.architecture.ArchitectureModelManagementUtils -- Loading model statistics-model.xmi
23:42:22.747 [Thread for ModelRepositoryProducerStage-0] INFO org.oceandsl.analysis.architecture.ArchitectureModelManagementUtils -- Loading model source-model.xmi
23:42:59.578 [Thread for ModelRepositoryProducerStage-0] DEBUG org.oceandsl.analysis.architecture.stages.ModelRepositoryProducerStage -- Finished runnable stage. (ModelRepositoryProducerStage-0)
23:42:59.578 [main] DEBUG ModelVisualizationMain -- Done
real 45.123
user 55.978
sys 6.743
[32m▶ Visualizing graph...[0m
▶ Trying visualization with edge bundling...
real 161.382
user 218.416
sys 0.866
✔ Visualization with edge bundling finished.

[32m============================================================[0m
[32m          ABSTRACTION + VISUALIZATION DONE[0m
[32m============================================================[0m

[32mMAB model:[0m      bin/benchmark-scipy-identity/mab_model
[32mDOT graph:[0m      bin/benchmark-scipy-identity/mvis_combined/mab_model-component.dot
[32mVisualization:[0m bin/benchmark-scipy-identity/mvis_combined/output.svg


BENCH_EXIT_CODE=0

BENCH_RESULT_JSON={"reported_displayed_edges": 10032, "exit_code": 0, "original_component_types": 1443, "original_assembly_components": 1443, "original_invocations": 95293, "original_statistics_entries": 79186, "original_source_entries": 478, "tulip_mode": "requested", "mab_attempts": 1, "mab_real_s": 16.214, "mab_user_s": 29.33, "mab_sys_s": 7.466, "mvis_attempts": 1, "mvis_real_s": 45.123, "mvis_user_s": 55.978, "mvis_sys_s": 6.743, "tulip_attempts": 1, "tulip_real_s": 161.382, "tulip_user_s": 218.416, "tulip_sys_s": 0.866, "phases_real_s": 222.719, "warnings": "", "case": "scipy_identity", "run": 1, "warmup": 0, "status": "ok", "log": "/home/macintosh/PCARP/benchmark-results/20260922-232121-sl2zpu3g/0027.log", "workflow_real_s": 222.752132, "workflow_user_s": 303.729556, "workflow_sys_s": 15.102374, "original_operation_types": 85273, "original_assembly_operations": 85273, "original_deployed_components": 1444, "original_deployed_operations": 85273, "original_operation_dataflows": 66784, "original_storage_dataflows": 3052, "original_model_bytes": 176682586, "model_bytes": 181556620, "final_component_types": 1443, "final_operation_types": 85273, "final_assembly_components": 1443, "final_assembly_operations": 85273, "final_deployed_components": 1444, "final_deployed_operations": 85273, "final_invocations": 95293, "final_operation_dataflows": 66784, "final_storage_dataflows": 3052, "final_statistics_entries": 79186, "final_source_entries": 478}
