
[32m============================================================[0m
[32m                ABSTRACTION-ONLY MODE[0m
[32m============================================================[0m

[32m▶ Abstracting models with MAB...[0m
  Input:  bin/scipy/mop_model
  Output: bin/benchmark-scipy-identity/mab_model
  Level:  I

23:57:29.322 [main] DEBUG tools.abstraction.ModelAbstraction:ModelAbstraction-0 -- numOpenedInputPorts (inc): 1
23:57:29.326 [main] DEBUG org.oceandsl.analysis.architecture.stages.ModelSink:ModelSink-0 -- numOpenedInputPorts (inc): 1
23:57:29.332 [main] DEBUG teetime.framework.scheduling.pushpullmodel.A3PipeInstantiation -- Connected (unsynch) teetime.framework.OutputPort@4cb2c100 and teetime.framework.InputPort@6fb554cc
23:57:29.332 [main] DEBUG teetime.framework.scheduling.pushpullmodel.A3PipeInstantiation -- Connected (unsynch) teetime.framework.OutputPort@6be46e8f and teetime.framework.InputPort@3567135c
23:57:29.336 [Thread for ModelRepositoryProducerStage-0] DEBUG org.oceandsl.analysis.architecture.stages.ModelRepositoryProducerStage -- Executing runnable stage...
23:57:29.336 [main] INFO teetime.framework.Execution -- Using scheduler: teetime.framework.scheduling.pushpullmodel.PushPullScheduling@7f560810
23:57:29.601 [Thread for ModelRepositoryProducerStage-0] INFO org.oceandsl.analysis.architecture.ArchitectureModelManagementUtils -- Loading model type-model.xmi
23:57:30.199 [Thread for ModelRepositoryProducerStage-0] INFO org.oceandsl.analysis.architecture.ArchitectureModelManagementUtils -- Loading model assembly-model.xmi
23:57:31.160 [Thread for ModelRepositoryProducerStage-0] INFO org.oceandsl.analysis.architecture.ArchitectureModelManagementUtils -- Loading model deployment-model.xmi
23:57:31.814 [Thread for ModelRepositoryProducerStage-0] INFO org.oceandsl.analysis.architecture.ArchitectureModelManagementUtils -- Loading model execution-model.xmi
23:57:34.544 [Thread for ModelRepositoryProducerStage-0] INFO org.oceandsl.analysis.architecture.ArchitectureModelManagementUtils -- Loading model statistics-model.xmi
23:57:36.256 [Thread for ModelRepositoryProducerStage-0] INFO org.oceandsl.analysis.architecture.ArchitectureModelManagementUtils -- Loading model source-model.xmi
[32m
===== ORIGINAL MODEL STATE =====
ComponentTypes: 1443
AssemblyComponents: 1443
Invocations: 95293
Statistics entries: 79186
Source entries: 478[0m
[32mDisplayed edges: 10032[0m
23:57:37.793 [Thread for ModelRepositoryProducerStage-0] INFO org.oceandsl.analysis.architecture.ArchitectureModelManagementUtils -- Saving model type-model.xmi
23:57:38.175 [Thread for ModelRepositoryProducerStage-0] INFO org.oceandsl.analysis.architecture.ArchitectureModelManagementUtils -- Saving model assembly-model.xmi
23:57:38.745 [Thread for ModelRepositoryProducerStage-0] INFO org.oceandsl.analysis.architecture.ArchitectureModelManagementUtils -- Saving model deployment-model.xmi
23:57:39.406 [Thread for ModelRepositoryProducerStage-0] INFO org.oceandsl.analysis.architecture.ArchitectureModelManagementUtils -- Saving model execution-model.xmi
23:57:43.988 [Thread for ModelRepositoryProducerStage-0] INFO org.oceandsl.analysis.architecture.ArchitectureModelManagementUtils -- Saving model statistics-model.xmi
23:57:44.765 [Thread for ModelRepositoryProducerStage-0] INFO org.oceandsl.analysis.architecture.ArchitectureModelManagementUtils -- Saving model source-model.xmi
23:57:44.771 [Thread for ModelRepositoryProducerStage-0] DEBUG org.oceandsl.analysis.architecture.stages.ModelRepositoryProducerStage -- Finished runnable stage. (ModelRepositoryProducerStage-0)
real 15.647
user 28.712
sys 6.797
[32m✔ Abstraction finished.[0m
[32m▶ Running MVIS...[0m
23:57:44.955 [main] DEBUG ModelVisualizationMain -- architecture modeler
23:57:45.004 [main] DEBUG teetime.stage.basic.distributor.Distributor:Distributor-0 -- numOpenedInputPorts (inc): 1
23:57:45.006 [main] DEBUG teetime.stage.basic.distributor.Distributor:Distributor-1 -- numOpenedInputPorts (inc): 1
23:57:45.007 [main] DEBUG kieker.analysis.architecture.dependency.DependencyGraphCreatorStage:DependencyGraphCreatorStage-0 -- numOpenedInputPorts (inc): 1
23:57:45.094 [main] DEBUG kieker.analysis.generic.sink.graph.dot.DotFileWriterStage:DotFileWriterStage-0 -- numOpenedInputPorts (inc): 1
23:57:45.099 [main] DEBUG teetime.framework.scheduling.pushpullmodel.A3PipeInstantiation -- Connected (unsynch) teetime.framework.OutputPort@3d3fcdb0 and teetime.framework.InputPort@641147d0
23:57:45.099 [main] DEBUG teetime.framework.scheduling.pushpullmodel.A3PipeInstantiation -- Connected (unsynch) teetime.framework.OutputPort@64d7f7e0 and teetime.framework.InputPort@27c6e487
23:57:45.099 [main] DEBUG teetime.framework.scheduling.pushpullmodel.A3PipeInstantiation -- Connected (unsynch) teetime.framework.OutputPort@28c4711c and teetime.framework.InputPort@59717824
23:57:45.099 [main] DEBUG teetime.framework.scheduling.pushpullmodel.A3PipeInstantiation -- Connected (unsynch) teetime.framework.OutputPort@15d9bc04 and teetime.framework.InputPort@473b46c3
23:57:45.102 [main] DEBUG teetime.framework.Execution -- Using scheduler: teetime.framework.scheduling.pushpullmodel.PushPullScheduling
23:57:45.102 [Thread for ModelRepositoryProducerStage-0] DEBUG org.oceandsl.analysis.architecture.stages.ModelRepositoryProducerStage -- Executing runnable stage...
23:57:45.103 [main] DEBUG ModelVisualizationMain -- Running arch-mod
23:57:45.275 [Thread for ModelRepositoryProducerStage-0] INFO org.oceandsl.analysis.architecture.ArchitectureModelManagementUtils -- Loading model type-model.xmi
23:57:45.845 [Thread for ModelRepositoryProducerStage-0] INFO org.oceandsl.analysis.architecture.ArchitectureModelManagementUtils -- Loading model assembly-model.xmi
23:57:46.677 [Thread for ModelRepositoryProducerStage-0] INFO org.oceandsl.analysis.architecture.ArchitectureModelManagementUtils -- Loading model deployment-model.xmi
23:57:47.335 [Thread for ModelRepositoryProducerStage-0] INFO org.oceandsl.analysis.architecture.ArchitectureModelManagementUtils -- Loading model execution-model.xmi
23:57:50.252 [Thread for ModelRepositoryProducerStage-0] INFO org.oceandsl.analysis.architecture.ArchitectureModelManagementUtils -- Loading model statistics-model.xmi
23:57:52.207 [Thread for ModelRepositoryProducerStage-0] INFO org.oceandsl.analysis.architecture.ArchitectureModelManagementUtils -- Loading model source-model.xmi
23:58:26.141 [Thread for ModelRepositoryProducerStage-0] DEBUG org.oceandsl.analysis.architecture.stages.ModelRepositoryProducerStage -- Finished runnable stage. (ModelRepositoryProducerStage-0)
23:58:26.141 [main] DEBUG ModelVisualizationMain -- Done
real 41.372
user 50.153
sys 6.362
[32m▶ Visualizing graph...[0m
▶ Trying visualization with edge bundling...
real 140.492
user 192.226
sys 0.500
✔ Visualization with edge bundling finished.

[32m============================================================[0m
[32m          ABSTRACTION + VISUALIZATION DONE[0m
[32m============================================================[0m

[32mMAB model:[0m      bin/benchmark-scipy-identity/mab_model
[32mDOT graph:[0m      bin/benchmark-scipy-identity/mvis_combined/mab_model-component.dot
[32mVisualization:[0m bin/benchmark-scipy-identity/mvis_combined/output.svg


BENCH_EXIT_CODE=0

BENCH_RESULT_JSON={"reported_displayed_edges": 10032, "exit_code": 0, "original_component_types": 1443, "original_assembly_components": 1443, "original_invocations": 95293, "original_statistics_entries": 79186, "original_source_entries": 478, "tulip_mode": "requested", "mab_attempts": 1, "mab_real_s": 15.647, "mab_user_s": 28.712, "mab_sys_s": 6.797, "mvis_attempts": 1, "mvis_real_s": 41.372, "mvis_user_s": 50.153, "mvis_sys_s": 6.362, "tulip_attempts": 1, "tulip_real_s": 140.492, "tulip_user_s": 192.226, "tulip_sys_s": 0.5, "phases_real_s": 197.511, "warnings": "", "case": "scipy_identity", "run": 3, "warmup": 0, "status": "ok", "log": "/home/macintosh/PCARP/benchmark-results/20260922-232121-sl2zpu3g/0054.log", "workflow_real_s": 197.538913, "workflow_user_s": 271.100151, "workflow_sys_s": 13.67682, "original_operation_types": 85273, "original_assembly_operations": 85273, "original_deployed_components": 1444, "original_deployed_operations": 85273, "original_operation_dataflows": 66784, "original_storage_dataflows": 3052, "original_model_bytes": 176682586, "model_bytes": 181556620, "final_component_types": 1443, "final_operation_types": 85273, "final_assembly_components": 1443, "final_assembly_operations": 85273, "final_deployed_components": 1444, "final_deployed_operations": 85273, "final_invocations": 95293, "final_operation_dataflows": 66784, "final_storage_dataflows": 3052, "final_statistics_entries": 79186, "final_source_entries": 478}
