
[32m============================================================[0m
[32m                ABSTRACTION-ONLY MODE[0m
[32m============================================================[0m

[32m▶ Abstracting models with MAB...[0m
  Input:  bin/scipy/mop_model
  Output: bin/benchmark-scipy-qtf99/mab_model
  Level:  F

00:07:10.700 [main] DEBUG tools.abstraction.ModelAbstraction:ModelAbstraction-0 -- numOpenedInputPorts (inc): 1
00:07:10.703 [main] DEBUG org.oceandsl.analysis.architecture.stages.ModelSink:ModelSink-0 -- numOpenedInputPorts (inc): 1
00:07:10.710 [main] DEBUG teetime.framework.scheduling.pushpullmodel.A3PipeInstantiation -- Connected (unsynch) teetime.framework.OutputPort@4cb2c100 and teetime.framework.InputPort@6fb554cc
00:07:10.711 [main] DEBUG teetime.framework.scheduling.pushpullmodel.A3PipeInstantiation -- Connected (unsynch) teetime.framework.OutputPort@6be46e8f and teetime.framework.InputPort@3567135c
00:07:10.714 [Thread for ModelRepositoryProducerStage-0] DEBUG org.oceandsl.analysis.architecture.stages.ModelRepositoryProducerStage -- Executing runnable stage...
00:07:10.714 [main] INFO teetime.framework.Execution -- Using scheduler: teetime.framework.scheduling.pushpullmodel.PushPullScheduling@7f560810
00:07:10.998 [Thread for ModelRepositoryProducerStage-0] INFO org.oceandsl.analysis.architecture.ArchitectureModelManagementUtils -- Loading model type-model.xmi
00:07:11.488 [Thread for ModelRepositoryProducerStage-0] INFO org.oceandsl.analysis.architecture.ArchitectureModelManagementUtils -- Loading model assembly-model.xmi
00:07:12.277 [Thread for ModelRepositoryProducerStage-0] INFO org.oceandsl.analysis.architecture.ArchitectureModelManagementUtils -- Loading model deployment-model.xmi
00:07:12.865 [Thread for ModelRepositoryProducerStage-0] INFO org.oceandsl.analysis.architecture.ArchitectureModelManagementUtils -- Loading model execution-model.xmi
00:07:15.732 [Thread for ModelRepositoryProducerStage-0] INFO org.oceandsl.analysis.architecture.ArchitectureModelManagementUtils -- Loading model statistics-model.xmi
00:07:17.806 [Thread for ModelRepositoryProducerStage-0] INFO org.oceandsl.analysis.architecture.ArchitectureModelManagementUtils -- Loading model source-model.xmi
[32m
===== ORIGINAL MODEL STATE =====
ComponentTypes: 1443
AssemblyComponents: 1443
Invocations: 95293
Statistics entries: 79186
Source entries: 478[0m
[32mDisplayed edges: 10032[0m
[35m
Quantile Threshold: 2784
Aggregation percentage: 99.0%
Component count: 1443
Selected ComponentTypes: 1429[0m
[31mspatial.transform.tests.test_rigid_transform: 919[0m
[31mscipy.stats._multivariate.random_table_frozen: 0[0m
[31mio.tests.test_mmio: 304[0m
[31m_lib.array_api_extra.tests.test_testing: 26[0m
[31mio._harwell_boeing._fortran_format_parser.Tokenizer: 0[0m
[31mscipy.stats.tests.test_sensitivity_analysis: 103[0m
[31mfftpack.tests.test_helper: 28[0m
[31m_lib.tests.test_scipy_version: 3[0m
[31mscipy.stats._survival: 94[0m
[31mio._harwell_boeing.tests.test_hb: 0[0m
[31ms.misc.__init__: 1[0m
[31mscipy.integrate._rules._genz_malik: 52[0m
[31mcluster.tests.test_vq: 234[0m
[31mspecial.tests.test_exponential_integrals: 0[0m
[31ms.spatial._plotutils: 1[0m
[31minterpolate.tests.test_gil: 0[0m
[31moptimize._lsq.trf: 130[0m
[31ms.linalg._decomp_lu: 62[0m
[31mspecial.tests.test_cdflib._CDFData: 0[0m
[31mscipy.stats._resampling: 663[0m
[31mio.arff._arffread.RelationalAttribute: 0[0m
[31mspecial.tests.test_precompute_gammainc: 0[0m
[31ms.special._mptestutils.Arg: 0[0m
[31m_lib.pyprima.common.linalg: 52[0m
[31ms.optimize._hessian_update_strategy.SR1: 9[0m
[31ms.interpolate.dfitpack: 1[0m
[31ms.linalg.lapack: 0[0m
[31mio._harwell_boeing._fortran_format_parser.FortranFormatParser: 0[0m
[31mspecial.tests.test_loggamma: 51[0m
[31mscipy.stats._distn_infrastructure: 926[0m
[31mscipy.stats._stats_mstats_common: 70[0m
[31mscipy.s.linalg._special_sparse_arrays.MikotaM: 0[0m
[31ms.spatial._kdtree.node: 0[0m
[31mio.matlab._mio5.VarWriter5: 0[0m
[31ms.optimize._basinhopping.BasinHoppingRunner: 0[0m
[31msignal.tests.test_short_time_fft: 600[0m
[31mscipy.integrate._ivp.dop853_coefficients: 5[0m
[31mscipy.s.linalg._funm_multiply_krylov: 42[0m
[31mscipy.stats.mstats_extras: 1[0m
[31mp._lib._array_api_no_0d: 12[0m
[31mscipy.stats._distn_infrastructure.rv_sample: 0[0m
[31m_lib.pyprima.common.test_miscellaneous: 25[0m
[31mscipy.stats.mvn: 1[0m
[31mscipy.integrate._ivp.lsoda.LSODA: 0[0m
[31m_lib.tests.test__pep440: 47[0m
[31ma.odr.odrpack: 1[0m
[31moptimize.tests.test_hessian_update_strategy.Rosenbrock: 0[0m
[31mscipy.stats._multivariate.multinomial_frozen: 0[0m
[31mscipy.s.linalg.eigen: 0[0m
[31m_lib.pyprima.common.quadratic: 4[0m
[31moptimize._trustregion_constr.minimize_trustregion_constr: 75[0m
[31mio.matlab._mio5: 234[0m
[31msignal.tests.test_bsplines: 157[0m
[31mspecial.tests.test_spherical_bessel: 211[0m
[31ms.linalg._special_matrices: 160[0m
[31ms.optimize._dual_annealing.ObjectiveFunWrapper: 0[0m
[31mscipy.s.sparse._spfuncs: 14[0m
[31ms.linalg._solvers: 189[0m
[31mscipy.s.sparse.compressed: 1[0m
[31m++unknown-component++: 791[0m
[31mPIL.ImageTk.PhotoImage: 404[0m
[31moptimize._lsq.least_squares._WrapArgsKwargs: 0[0m
[31ms.misc.doccer: 1[0m
[31ms.optimize._numdiff._Fun_Wrapper: 0[0m
[31mscipy.stats.tests.test_continued_fraction: 99[0m
[31moptimize.tests.test_differentiable_functions.ExScalarFunction: 0[0m
[31moptimize._shgo_lib._vertex.FieldWrapper: 0[0m
[31mscipy._lib.array_api_extra.testing.testing: 0[0m
[31ms.signal._czt: 59[0m
[31mscipy.s.sparse._matrix: 16[0m
[31m_eigen.tests.test_svds: 510[0m
[31mscipy.s.tests.test_base.Custom: 0[0m
[31m_lib.array_api_compat.cupy.__init__: 5[0m
[31mscipy.s.linalg._special_sparse_arrays.MikotaK: 0[0m
[31ms.interpolate._rgi.RegularGridInterpolator: 0[0m
[31mscipy.stats._new_distributions: 184[0m
[31m_lib.array_api_compat.array._aliases: 114[0m
[31mspecial.tests.test_boost_ufuncs: 21[0m
[31mspecial.tests.test_log1mexp: 9[0m
[31mscipy.stats.tests.test_fast_gen_inversion: 237[0m
[31mscipy.stats._multivariate.invwishart_gen: 0[0m
[31moptimize.tests.test_trustregion_exact: 102[0m
[31mscipy.stats._qmc.MultivariateNormalQMC: 0[0m
[31m_lib.array_api_compat.tests.test_torch: 54[0m
[31mio._harwell_boeing.hb.HBMatrixType: 0[0m
[31mlinalg.tests.test_basic: 604[0m
[31mspecial.tests.test_support_alternative_backends: 112[0m
[31mcsgraph.tests.test_shortest_path: 151[0m
[31mscipy.stats._sampling.RatioUniforms: 0[0m
[31mscipy.s.sparse.sparsetools: 1[0m
[31mscipy.integrate._quadpack_py._OptFunc: 0[0m
[31mspatial.transform._rotation.Slerp: 14[0m
[31mscipy.integrate.vode: 1[0m
[31ms.special.spfun_stats: 1[0m
[31mscipy.s.sparse._csr: 2[0m
[31mscipy.stats.tests.reference_distributions: 73[0m
[31mspatial.transform._rotation_spline: 97[0m
[31mscipy.s.tests.test_sputils: 258[0m
[31mio._harwell_boeing.hb.HBInfo: 0[0m
[31mcsgraph.tests.test_connected_components: 40[0m
[31ms.linalg._decomp_cholesky: 59[0m
[31mscipy.stats.tests.test_relative_risk: 31[0m
[31ms.optimize._optimize: 342[0m
[31m_lib.cobyqa.problem: 230[0m
[31mPIL.TiffTags.TiffTags: 148[0m
[31mscipy.s.linalg._interface._ScaledLinearOperator: 0[0m
[31mscipy.ndimage._filters: 975[0m
[31ms.optimize._shgo.LMap: 0[0m
[31map.fft._basic_backend: 64[0m
[31mscipy.stats.tests.test_crosstab: 44[0m
[31mscipy.s.sparse.construct: 1[0m
[31ms.linalg._decomp_cossin: 63[0m
[31mspecial.tests.test_cdft_asymptotic: 12[0m
[31ms.optimize._slsqp_py: 83[0m
[31ms.special.specfun: 1[0m
[31ms.optimize._root: 101[0m
[31msignal.tests.test_windows: 500[0m
[31mscipy.stats._morestats.DirectionalStats: 0[0m
[31ms.special._multiufuncs: 180[0m
[31m_lib.array_api_compat.array.torch._aliases: 357[0m
[31mscipy.stats._resampling.PermutationMethod: 0[0m
[31m_lib.array_api_compat.array.linalg: 20[0m
[31mscipy.stats.distributions: 0[0m
[31mspatial.transform.tests.test_rotation_spline: 127[0m
[31ms.signal._ltisys.StateSpace: 0[0m
[31mspecial.tests.test_spence: 0[0m
[31mci.io.idl: 1[0m
[31ms.optimize._basinhopping.MinimizerWrapper: 0[0m
[31msignal.tests.test_savitzky_golay: 154[0m
[31mscipy.stats._variation: 8[0m
[31mscipy.s.sparse.csc: 1[0m
[31m_eigen.arpack.arpack._SymmetricArpackParams: 0[0m
[31m_lib.array_api_extra.tests.conftest: 74[0m
[31mfft.tests.mock_backend: 61[0m
[31mscipy.datasets._download_all: 113[0m
[31mscipy.stats._multivariate.dirichlet_multinomial_frozen: 0[0m
[31moptimize.tests.test_minimize_constrained: 296[0m
[31ms.linalg.decomp_schur: 1[0m
[31ms.special._lambertw: 0[0m
[31ms.optimize._nonlin.BroydenFirst: 0[0m
[31ms.optimize._linesearch: 73[0m
[31m_lib.pyprima.common._linear_constraints: 0[0m
[31m_lib.array_api_compat.tests.test_vendoring: 7[0m
[31mscipy.integrate._ivp.base.ConstantDenseOutput: 0[0m
[31m_lib.array_api_extra.tests.test_version: 1[0m
[31mio._harwell_boeing.hb.HBFile: 0[0m
[31m_lib.array_api_extra._lib._testing: 53[0m
[31m_lib.tests.test__gcutils: 41[0m
[31mspecial.tests.test_wrightomega: 56[0m
[31moptimize._trustregion_constr.tests.test_projections: 0[0m
[31mfft._pocketfft.tests.test_real_transforms: 230[0m
[31minterpolate.tests.test_rbfinterp: 289[0m
[31m_lib.pyprima.common.present: 86[0m
[31ms.signal._peak_finding: 117[0m
[31ms.linalg._decomp_qr: 1012[0m
[31mscipy.stats._distn_infrastructure.rv_continuous: 0[0m
[31ms.interpolate._fitpack_repro.F: 0[0m
[31ma.odr._odrpack.Model: 0[0m
[31mscipy.ndimage.tests.test_datatypes: 33[0m
[31m_isolve.tests.test_minres: 52[0m
[31mscipy.s.linalg.isolve: 0[0m
[31m_lib.array_api_extra.__init__: 0[0m
[31m_lib.tests.test_warnings.FindFuncs: 0[0m
[31m_lib.array_api_compat.array.torch._typing: 0[0m
[31ms.optimize._trustregion_krylov: 8[0m
[31mscipy.s.sparse.dia: 1[0m
[31moptimize._shgo_lib._vertex.VertexCacheBase: 0[0m
[31mcsgraph.tests.test_matching: 9[0m
[31mscipy.stats._multivariate.dirichlet_frozen: 0[0m
[31mscipy.integrate._rules._base.ProductNestedFixed: 0[0m
[31mscipy.stats._qmc.PoissonDisk: 0[0m
[31mcobyqa.subsolvers.geometry: 109[0m
[31mspecial.tests.test_ndtri_exp: 20[0m
[31mcsgraph.tests.test_spanning_tree: 22[0m
[31mscipy.s.sparse._bsr: 219[0m
[31mscipy._lib.doccer.doccer: 948[0m
[31m_lib.pyprima.common.linearly_constrained: 14[0m
[31mscipy.s.sparse._lil: 164[0m
[31ms.linalg._basic: 352[0m
[31mscipy.s.sparse.data: 1[0m
[31m_lib.array_api_extra.tests.conf: 1[0m
[31ms.spatial._kdtree.innernode: 0[0m
[31ms.optimize._nonlin: 8[0m
[31mscipy.integrate._ivp.lsoda: 9[0m
[31ms.special._spfun_stats: 10[0m
[31m_eigen.arpack.tests.test_arpack.NonSymmetricParams: 0[0m
[31mscipy.stats._survival.EmpiricalDistributionFunction: 0[0m
[31m_lib.cobyqa.problem.ObjectiveFunction: 0[0m
[31mio.tests.test_netcdf: 255[0m
[31mscipy.s.sparse._dok: 310[0m
[31mscipy.s.tests.test_special_sparse_arrays: 226[0m
[31m_eigen.tests.test_svds.CheckingLinearOperator: 0[0m
[31mscipy.s.sparse.bsr: 1[0m
[31ms.optimize._dual_annealing.EnergyState: 0[0m
[31m_lib.cobyqa.framework.TrustRegion: 0[0m
[31mscipy.s.sparse.coo: 1[0m
[31map.fft._realtransforms_backend: 12[0m
[31mscipy.integrate._ivp.rk: 93[0m
[31mio.arff.__init__: 0[0m
[31mscipy.stats._tukeylambda_stats: 11[0m
[31ms.optimize._differentiable_functions._ScalarHessWrapper: 0[0m
[31m_lib.pyprima.common.feasibility: 5[0m
[31m_lib.array_api_compat.cupy.linalg: 31[0m
[31mio.tests.test_idl: 465[0m
[31ms.optimize._cobyqa_py: 12[0m
[31mcsgraph.tests.test_flow: 42[0m
[31ms.optimize._dual_annealing.LocalSearchWrapper: 0[0m
[31moptimize.tests.test_trustregion.Accumulator: 0[0m
[31mscipy.s.tests.test_base.BinopTester_with_shape: 0[0m
[31mio.arff.tests.test_arffread: 16[0m
[31mspecial._precompute.wright_bessel: 171[0m
[31ms.optimize._nonlin.InverseJacobian: 0[0m
[31mspatial.transform.tests.test_rotation_groups: 106[0m
[31ms.optimize.__init__: 0[0m
[31m_lib.array_api_compat.numpy.__init__: 7[0m
[31mscipy.stats._hypotests.TukeyHSDResult: 0[0m
[31mscipy.s.linalg._expm_multiply.LazyOperatorNormInfo: 0[0m
[31ms.optimize._lbfgsb_py: 64[0m
[31mscipy.stats.tests.reference_distribution_infrastructure_tests: 25[0m
[31moptimize._trlib.__init__: 1[0m
[31ms.special.add_newdocs: 1[0m
[31ms.linalg.__init__: 3[0m
[31mscipy.stats.tests.test_multivariate.SingularMVNProblem: 0[0m
[31mspecial.tests.test_ellip_harm: 130[0m
[31ms.optimize._elementwise: 22[0m
[31mscipy.ndimage.measurements: 1[0m
[31mscipy.ndimage.tests.__init__: 0[0m
[31mscipy.integrate.quadpack: 1[0m
[31mp._lib.deprecation: 45[0m
[31mp._lib._tmpdirs: 10[0m
[31m_lib.array_api_extra.tests.test_funcs: 784[0m
[31msignal.tests.test_peak_finding: 446[0m
[31mscipy.s.tests.test_interface.MatmatOnly: 0[0m
[31m_lib.tests.test_warnings: 49[0m
[31mcsgraph.tests.test_pydata_sparse: 81[0m
[31mscipy.stats.tests.test_axis_nan_policy.ArrLike: 0[0m
[31mscipy.stats._stats_py.TtestResult: 0[0m
[31ms.signal._ltisys.ZerosPolesGain: 0[0m
[31msignal.tests.mpsig: 21[0m
[31ms.optimize.zeros: 1[0m
[31mscipy.s.linalg._expm_multiply: 167[0m
[31moptimize._shgo_lib._vertex.ConstraintWrapper: 0[0m
[31ms.signal.waveforms: 1[0m
[31mio.matlab._mio5.MatFile5Reader: 0[0m
[31m_lib.cobyqa.problem.BoundConstraints: 0[0m
[31mspecial._precompute.struve_convergence: 68[0m
[31ms.optimize._minimize: 412[0m
[31mscipy.integrate._rules.__init__: 2[0m
[31ms.special._sf_error: 0[0m
[31ms.interpolate._ndbspline.NdBSpline: 0[0m
[31mspecial.tests.test_powm1: 0[0m
[31mp._lib._docscrape.ClassDoc: 0[0m
[31ms.linalg._matfuncs_sqrtm: 21[0m
[31ms.optimize.slsqp: 1[0m
[31mscipy.integrate._rules._gauss_legendre: 6[0m
[31m_eigen.arpack.arpack.LuInv: 0[0m
[31moptimize.tests.test_bracket: 166[0m
[31mio.arff.tests.system_info: 1[0m
[31moptimize.tests.test__basinhopping: 161[0m
[31mscipy.integrate._quad_vec: 362[0m
[31moptimize.tests.test_isotonic_regression: 75[0m
[31mci.io.wavfile.SeekEmulatingReader: 0[0m
[31moptimize.tests.test_minimize_constrained.Maratos: 0[0m
[31ms.special.orthogonal: 3[0m
[31m_isolve.tests.test_lsmr: 109[0m
[31m_lib.array_api_compat.numpy._aliases: 94[0m
[31m_lib.pyprima.cobyla.trustregion: 130[0m
[31mspecial._precompute.cosine_cdf: 7[0m
[31mlinalg.tests.test_batch: 220[0m
[31ms.optimize._constraints.LinearConstraint: 0[0m
[31ms.optimize._hessian_update_strategy.BFGS: 0[0m
[31mspecial.tests.test_gamma: 4[0m
[31ma.odr._odrpack.ODR: 0[0m
[31msignal.tests.test_array_tools: 51[0m
[31ma.odr._odrpack.Data: 0[0m
[31mscipy.stats._multivariate.ortho_group_gen: 0[0m
[31m_eigen.lobpcg.__init__: 0[0m
[31m_lib.array_api_compat.vendor_test.uses_cupy: 10[0m
[31mscipy.ndimage._ni_docstrings: 0[0m
[31m_lib.cobyqa.utils.versions: 22[0m
[31m_lib.array_api_compat.tests.test_array_namespace: 65[0m
[31ms.constants.__init__: 10[0m
[31ms.signal._signal_api: 2[0m
[31mscipy.s.sparse._coo: 516[0m
[31m_lib.cobyqa.problem.LinearConstraints: 0[0m
[31m_lib.tests.test_deprecation: 3[0m
[31m_lib.pyprima.common.evaluate: 24[0m
[31mspecial.tests.test_sf_error: 75[0m
[31mscipy.stats._multivariate.multivariate_normal_gen: 0[0m
[31moptimize._trustregion_constr.canonical_constraint.CanonicalConstraint: 0[0m
[31minterpolate.tests.test_pade: 75[0m
[31ms.constants.constants: 1[0m
[31mscipy.s.linalg._interface._SumLinearOperator: 0[0m
[31mscipy.ndimage._delegators: 79[0m
[31mscipy.integrate._ivp.common.OdeSolution: 0[0m
[31mio._harwell_boeing.__init__: 1[0m
[31mscipy.integrate._ivp.radau.RadauDenseOutput: 0[0m
[31ms.special.basic: 1[0m
[31moptimize.tests.test_minimize_constrained.Rosenbrock: 0[0m
[31mscipy.stats.tests.common_tests: 220[0m
[31m_lib.array_api_compat.tests.test_cupy: 18[0m
[31mio.matlab.byteordercodes: 0[0m
[31ms.signal.lti_conversion: 1[0m
[31m_lib.pyprima.common.powell1994: 78[0m
[31ms.optimize._dual_annealing: 6[0m
[31ms.interpolate._bary_rational: 130[0m
[31ms.special._testutils.MissingModule: 0[0m
[31mscipy.stats._stats_py._SimpleChi2: 0[0m
[31mspecial.tests.test_logit: 53[0m
[31mscipy.stats.tests.test_contingency: 135[0m
[31mscipy.stats.tests.test_mgc: 85[0m
[31m_eigen.arpack.arpack.ArpackNoConvergence: 0[0m
[31mscipy.integrate._ode: 369[0m
[31mscipy.stats.morestats: 0[0m
[31ms.linalg._generate_pyx: 0[0m
[31mspecial.tests.test_orthogonal_eval: 122[0m
[31mp._lib._testutils.PytestTester: 0[0m
[31mscipy.stats._levy_stable.__init__: 285[0m
[31moptimize.tests.test_constraints: 15[0m
[31mscipy.stats.tests.test_continuous_fit_censored: 107[0m
[31moptimize._trustregion_constr.equality_constrained_sqp: 56[0m
[31mspecial._precompute.zetac: 12[0m
[31m_lib.array_api_compat.__init__: 0[0m
[31ms.signal._ltisys.TransferFunction: 0[0m
[31ms.optimize._optimize.Brent: 0[0m
[31mcluster.tests.hierarchy_test_data: 25[0m
[31mscipy.s.sparse._construct: 935[0m
[31mscipy.integrate._quad_vec.LRUDict: 0[0m
[31mspecial.tests.data.makenpz: 40[0m
[31mscipy.integrate.tests.test__quad_vec: 83[0m
[31ms.fftpack._realtransforms: 12[0m
[31mio.matlab.tests.test_streams: 0[0m
[31mscipy.s.linalg.__init__: 3[0m
[31mscipy.stats._discrete_distns: 637[0m
[31ms.optimize.moduleTNC: 0[0m
[31mio.matlab._mio4.MatFile4Writer: 0[0m
[31mspecial.tests.test_zeta: 0[0m
[31ms.optimize._differentiable_functions.IdentityVectorFunction: 0[0m
[31mspatial.tests.test_spherical_voronoi: 199[0m
[31mscipy.stats._common: 1[0m
[31ms.optimize._trustregion: 0[0m
[31mspecial.tests.test_cdflib.ProbArg: 0[0m
[31mp._lib._disjoint_set.DisjointSet: 0[0m
[31mscipy.integrate._ivp.ivp: 43[0m
[31m_ufuncs: 1[0m
[31mspatial.transform.rotation: 1[0m
[31mscipy.stats._multivariate.random_correlation_frozen: 0[0m
[31mscipy.datasets.tests.test_data: 48[0m
[31ms.interpolate._rbfinterp: 62[0m
[31ms.fftpack._pseudo_diffs: 68[0m
[31ms.signal._savitzky_golay: 40[0m
[31mscipy.s.tests.test_propack: 78[0m
[31mio.matlab.__init__: 1[0m
[31mscipy.stats.tests.test_continuous: 1614[0m
[31ms.optimize._cobyla_py: 27[0m
[31mp._lib._ccallback: 38[0m
[31mcsgraph.tests.test_reordering: 30[0m
[31mscipy._lib.deprecation.deprecation: 0[0m
[31ms.special._mptestutils.ComplexArg: 0[0m
[31mscipy.stats._covariance.CovViaPrecision: 0[0m
[31mio.matlab.tests.test_pathological: 0[0m
[31mscipy.stats._resampling.BootstrapMethod: 0[0m
[31moptimize._trustregion_constr.canonical_constraint: 795[0m
[31modr.tests.test_odr: 253[0m
[31mfft.tests.test_basic: 372[0m
[31mscipy.s.tests.test_sparsetools: 156[0m
[31ms.optimize._differentiable_functions._VectorFunWrapper: 0[0m
[31mscipy.fft._pocketfft.basic.basic: 5[0m
[31mio.matlab.tests.test_miobase: 43[0m
[31m_lib.array_api_extra._utils._compat: 0[0m
[31mlinalg.tests.test_extending: 36[0m
[31mfft._pocketfft.tests.test_basic.MockSeries: 0[0m
[31mio.tests.test_paths: 50[0m
[31msignal.tests.test_result_type: 21[0m
[31m_lib.cobyqa.problem.Problem: 0[0m
[31mscipy.stats._multivariate.dirichlet_gen: 0[0m
[31mscipy.integrate._ivp.rk.RkDenseOutput: 0[0m
[31mscipy.s._isolve.lgmres: 39[0m
[31mcluster.tests.test_disjoint_set: 103[0m
[31m_lib.array_api_compat.numpy._info: 56[0m
[31mscipy.s.tests.test_funm_multiply_krylov: 97[0m
[31moptimize._trustregion_constr.minimize_trustregion_constr.LagrangianHessian: 0[0m
[31mspatial.tests.test_distance: 988[0m
[31mscipy.stats._multivariate.multinomial_gen: 0[0m
[31m_lib.pyprima.common.preproc: 136[0m
[31mscipy.ndimage.tests.test_measurements: 599[0m
[31ms.optimize._minimize._Remove_From_Func: 0[0m
[31ms.interpolate._cubic: 110[0m
[31moptimize.tests.test_differentiable_functions.ExVectorialFunction: 0[0m
[31mscipy.ndimage.fourier: 1[0m
[31ms.signal._max_len_seq: 24[0m
[31mscipy.s.linalg._special_sparse_arrays.MikotaPair: 0[0m
[31mio.matlab._mio4: 142[0m
[31mscipy.stats._multivariate.matrix_normal_frozen: 0[0m
[31msignal.tests.test_wavelets: 30[0m
[31mscipy.stats._resampling.MonteCarloMethod: 0[0m
[31moptimize.tests.test__remove_redundancy: 129[0m
[31m_lib.cobyqa.tests.test_main: 74[0m
[31mscipy.stats.sampling: 0[0m
[31m_lib.pyprima.__init__: 56[0m
[31ms.interpolate.__init__: 3[0m
[31mscipy.s.linalg._svdp: 58[0m
[31mscipy.integrate.tests.test_tanhsinh: 749[0m
[31mp._lib._docscrape.NumpyDocString: 0[0m
[31ms.interpolate._fitpack2.SmoothBivariateSpline: 0[0m
[31mscipy.s.linalg._onenormest: 107[0m
[31mscipy.ndimage._ndimage_api: 2[0m
[31mp._lib._docscrape: 229[0m
[31m_lib.array_api_compat.tests.test_dask: 88[0m
[31ms.interpolate._rbf.Rbf: 0[0m
[31m_lib.array_api_compat.array.common._aliases: 2260[0m
[31m_lib.pyprima.common.consts: 0[0m
[31mio.arff.tests.tempita: 0[0m
[31ms.interpolate._bary_rational._BarycentricRational: 0[0m
[31mspecial.tests.test_precompute_utils: 18[0m
[31ms.optimize._linprog: 53[0m
[31mspatial.tests.test_slerp: 131[0m
[31m_lib._uarray._backend: 0[0m
[31mspecial._precompute.lambertw: 47[0m
[31mscipy.stats._multivariate._PSD: 0[0m
[31mscipy.integrate.lsoda: 1[0m
[31mscipy.s.tests.test_norm: 113[0m
[31mscipy.integrate._ivp.lsoda.LsodaDenseOutput: 0[0m
[31mio.arff._arffread.StringAttribute: 0[0m
[31mscipy.stats._ksstats: 147[0m
[31m_lib.pyprima.common.unconstrained: 4[0m
[31m_lib.tests.test_ccallback: 79[0m
[31mscipy.s.tests.test_onenormest: 107[0m
[31mspecial.tests.test_cdflib: 216[0m
[31mio.matlab.mio5: 1[0m
[31mscipy.ndimage.tests.test_ni_support: 210[0m
[31mscipy.integrate._rules._gauss_kronrod.GaussKronrodQuadrature: 0[0m
[31ms.optimize._nonlin.LowRankMatrix: 0[0m
[31ms.special._ellip_harm: 1[0m
[31mio.matlab.mio5_params: 1[0m
[31mPIL.PngImagePlugin.PngImagePlugin: 216[0m
[31mscipy.stats._odds_ratio: 41[0m
[31mspatial.tests.test_qhull: 592[0m
[31moptimize.tests.test_minimize_constrained.MaratosTestArgs: 0[0m
[31mio.matlab._mio5_params: 14[0m
[31mfftpack.tests.test_basic.FakeArray: 0[0m
[31ma.odr._models: 43[0m
[31mscipy.integrate._ode.lsoda: 0[0m
[31mspecial._precompute.utils: 13[0m
[31mspecial.tests.test_sici: 0[0m
[31mfft._pocketfft.__init__: 1[0m
[31mspecial.tests.test_kolmogorov: 30[0m
[31ms.linalg._expm_frechet: 175[0m
[31mscipy.integrate._tanhsinh: 432[0m
[31ms.optimize._trustregion_ncg: 16[0m
[31ms.interpolate._fitpack2.RectBivariateSpline: 0[0m
[31msignal.tests.test_fir_filter_design: 448[0m
[31mp._lib._pep440: 105[0m
[31ms.special._generate_pyx.Ufunc: 0[0m
[31moptimize._trustregion_constr.__init__: 0[0m
[31mspecial.tests.test_pdtr: 24[0m
[31ms.signal._lti_conversion: 100[0m
[31mscipy.stats._sampling: 189[0m
[31ms.interpolate._interpolate._PPolyBase: 0[0m
[31ma.tempita._tempita.TemplateDef: 0[0m
[31mio._harwell_boeing.hb: 147[0m
[31m_eigen.arpack.arpack._UnsymmetricArpackParams: 0[0m
[31mscipy.s.linalg._matfuncs._ExpmPadeHelper: 0[0m
[31m_lib.array_api_compat.array.torch.__init__: 7[0m
[31minterpolate.tests.test_fitpack2: 998[0m
[31mscipy.stats._finite_differences: 24[0m
[31mscipy.stats._distribution_infrastructure.TransformedDistribution: 0[0m
[31m_eigen.arpack.tests.test_arpack.DictWithRepr: 0[0m
[31mscipy.stats._sampling.FastGeneratorInversion: 0[0m
[31mci.io.harwell_boeing: 1[0m
[31m_lib.array_api_compat.array.__init__: 7[0m
[31moptimize.tests.test_linear_assignment: 51[0m
[31mp._lib._array_api: 54[0m
[31mp._lib._util._FunctionWrapper: 0[0m
[31minterpolate.tests.test_bary_rational: 313[0m
[31ma.odr.__init__: 3[0m
[31m_lib.array_api_compat.cupy._typing: 0[0m
[31moptimize._trustregion_constr.qp_subproblem: 89[0m
[31mlinalg.tests.test_fblas: 188[0m
[31moptimize._lsq.__init__: 0[0m
[31mp._lib.deprecation._DeprecationHelperStr: 0[0m
[31ms.interpolate._fitpack2.InterpolatedUnivariateSpline: 0[0m
[31mscipy.integrate._quadpack_py: 269[0m
[31msignal.tests.test_upfirdn.UpFIRDnCase: 0[0m
[31mPIL._util.DeferredError: 21[0m
[31msignal.tests.test_cont2discrete: 1919[0m
[31mio.matlab.tests.test_byteordercodes: 19[0m
[31m_lib.array_api_extra.tests.test_helpers.Wrapper: 0[0m
[31mscipy.stats.tests.test_censored_data: 84[0m
[31moptimize.tests.test_minimize_constrained.EqIneqRosenbrock: 0[0m
[31mscipy.s.sparse._index: 197[0m
[31ms.optimize._direct_py: 39[0m
[31mscipy.s.linalg._interface._CustomLinearOperator: 0[0m
[31mPIL._binary._binary: 324[0m
[31mconstants.tests.test_constants: 69[0m
[31ms.special._testutils.FuncData: 0[0m
[31mfftpack.tests.gen_fftw_ref: 15[0m
[31mscipy.stats.tests.test_mstats_basic: 1007[0m
[31moptimize.tests.test__basinhopping.MyTakeStep1: 0[0m
[31ms.optimize._nonlin.KrylovJacobian: 0[0m
[31moptimize._trustregion_constr.report: 9[0m
[31mscipy.stats._distribution_infrastructure.MonotonicTransformedDistribution: 0[0m
[31ma.odr._odrpack.RealData: 0[0m
[31m_isolve.tests.test_utils: 4[0m
[31mlinalg.tests.test_decomp_update: 946[0m
[31mscipy.stats._survival.ECDFResult: 0[0m
[31minterpolate.tests.test_fitpack: 253[0m
[31mio.matlab.mio5_utils: 1[0m
[31ms.optimize._trustregion_dogleg: 14[0m
[31mscipy.integrate.tests.test_cubature: 313[0m
[31mci.io.mmio: 1[0m
[31mfftpack.tests.test_import: 5[0m
[31ms.interpolate._fitpack_py: 0[0m
[31mscipy.integrate._ivp.radau: 93[0m
[31moptimize._shgo_lib._vertex.VertexBase: 0[0m
[31moptimize._trustregion_constr.tests.test_canonical_constraint: 162[0m
[31mscipy.s._isolve.iterative: 194[0m
[31ms.signal._czt.CZT: 0[0m
[31mfft.tests.test_helper: 197[0m
[31ms.optimize._numdiff: 170[0m
[31mscipy.integrate._rules._base.FixedRule: 0[0m
[31moptimize._trustregion_constr.tr_interior_point: 78[0m
[31moptimize.tests.test__basinhopping.MyAcceptTest: 0[0m
[31moptimize.tests.test__spectral: 55[0m
[31mscipy.s.tests.test_onenormest.MatrixProductOperator: 0[0m
[31msignal.tests.test_dltisys: 324[0m
[31m_lib.array_api_compat.tests.test_common: 147[0m
[31mio.matlab.streams: 0[0m
[31mscipy.s.linalg._interface._ProductLinearOperator: 0[0m
[31mscipy.stats._multivariate: 1109[0m
[31mscipy.stats._multivariate.unitary_group_frozen: 0[0m
[31ms.optimize._chandrupatla: 86[0m
[31ms.optimize._hessian_update_strategy.FullHessianUpdateStrategy: 0[0m
[31mscipy.ndimage.__init__: 1[0m
[31ms.optimize._dcsrch: 48[0m
[31mscipy.s.linalg._interface._PowerLinearOperator: 0[0m
[31mspecial.tests.test_pcf: 4[0m
[31mscipy.stats._page_trend_test: 28[0m
[31moptimize._trustregion_constr.tests.test_qp_subproblem: 288[0m
[31moptimize.tests.test_zeros: 334[0m
[31moptimize.tests.test_nonlin: 270[0m
[31ms.linalg.decomp_cholesky: 1[0m
[31moptimize._shgo_lib._vertex: 82[0m
[31mscipy.stats.tests.test_sampling: 575[0m
[31m_lib.array_api_extra._lib._funcs: 202[0m
[31mscipy.stats._kde.gaussian_kde: 0[0m
[31mfft.tests.test_multithreading: 572[0m
[31mscipy.stats._censored_data: 91[0m
[31m_lib.pyprima.common.conf: 23[0m
[31ms.interpolate._ndgriddata.NearestNDInterpolator: 0[0m
[31ms.optimize._tnc: 26[0m
[31moptimize.tests.test_chandrupatla: 547[0m
[31mscipy.stats._multivariate.normal_inverse_gamma_frozen: 0[0m
[31mscipy.stats.biasedurn: 1[0m
[31moptimize._lsq.trf_linear: 65[0m
[31mscipy.s.tests.test_interface.BaseMatlike: 0[0m
[31moptimize._trustregion_constr.tests.test_nested_minimize: 7[0m
[31ms.signal._ltisys: 661[0m
[31mio._fast_matrix_market.__init__: 82[0m
[31moptimize.tests.test__numdiff: 472[0m
[31m_lib.tests.test_public_api: 46[0m
[31m_lib.array_api_compat.array.common._helpers: 375[0m
[31mio.tests.test_wavfile.Nonseekable: 0[0m
[31ms.linalg._decomp_qz: 84[0m
[31mscipy.integrate._rules._genz_malik.GenzMalikCubature: 0[0m
[31mscipy.stats._distribution_infrastructure.UnivariateDistribution: 0[0m
[31mp._lib._docscrape.ObjDoc: 0[0m
[31ms.special.__init__: 1[0m
[31mspecial.tests.test_dd: 0[0m
[31ms.signal.fir_filter_design: 1[0m
[31mscipy.stats.tests.test_multicomp: 87[0m
[31mscipy.stats._multivariate.special_ortho_group_frozen: 0[0m
[31mscipy.stats._distribution_infrastructure._Interval: 0[0m
[31m_lib.array_api_compat.array.common._fft: 28[0m
[31m_lib.array_api_compat.tests.conf: 2[0m
[31mfftpack.tests.test_basic.MockSeries: 0[0m
[31mspecial.tests.test_cephes_intp_cast: 0[0m
[31mscipy.stats.tests.test_survival: 4[0m
[31mscipy.stats._axis_nan_policy: 198[0m
[31mscipy.stats.stats: 1[0m
[31mscipy.ndimage._morphology: 437[0m
[31moptimize.tests.test_least_squares: 362[0m
[31minterpolate.tests.test_bsplines.PackedMatrix: 0[0m
[31m_lib.pyprima.common.ratio: 0[0m
[31mspecial.tests.test_round: 0[0m
[31mscipy.s.sparse._lil._lil_base: 0[0m
[31ms.special._spherical_bessel: 0[0m
[31mspatial.tests.test__plotutils: 0[0m
[31ms.optimize.tnc: 1[0m
[31mscipy.integrate._ode.complex_ode: 0[0m
[31mscipy.stats.tests.test_discrete_distns: 361[0m
[31m_lib.array_api_extra.testing.CountingDaskScheduler: 0[0m
[31mspecial.tests.test_hypergeometric: 41[0m
[31moptimize._lsq.dogbox: 66[0m
[31mfftpack.tests.gendata: 0[0m
[31m_isolve.tests.test_iterative: 375[0m
[31m_eigen.arpack.arpack: 322[0m
[31moptimize._shgo_lib._complex.Complex: 0[0m
[31mspecial.tests.test_legendre: 818[0m
[31mspecial.tests.test_ndtr: 23[0m
[31mcsgraph.tests.test_traversal: 90[0m
[31m_lib.array_api_extra._utils._helpers._AutoJITWrapper: 0[0m
[31mscipy.stats._multivariate.wishart_gen: 0[0m
[31mp._lib._docscrape.FunctionDoc: 0[0m
[31moptimize.tests.test_extending: 13[0m
[31mscipy.s.linalg._interface._AdjointMatrixOperator: 0[0m
[31mspecial.tests.test_ufunc_signatures: 15[0m
[31mspecial.tests.test_gammainc: 0[0m
[31mscipy.stats._stats_py.PearsonRResult: 0[0m
[31mlinalg.tests.test_solve_toeplitz: 73[0m
[31mscipy.stats._multivariate.dirichlet_multinomial_gen: 0[0m
[31mspatial.tests.test_hausdorff: 53[0m
[31mio.arff._arffread.Attribute: 0[0m
[31mspecial.tests.test_erfinv: 17[0m
[31map.fft._realtransforms: 174[0m
[31me._dsolve.__init__: 1[0m
[31ms.optimize._constraints.PreparedConstraint: 0[0m
[31m_lib.pyprima.common.selectx: 107[0m
[31ms.signal._ltisys.dlti: 0[0m
[31ms.special._input_validation: 6[0m
[31ms.interpolate._interpolate: 428[0m
[31ms.linalg._matfuncs: 231[0m
[31mci.io._netcdf.netcdf_file: 0[0m
[31mscipy.stats._sampling.CustomDistPINV: 0[0m
[31mconstants.tests.test_codata: 31[0m
[31mscipy.s.sparse.spfuncs: 1[0m
[31ma.odr.models: 1[0m
[31mscipy.stats.tests.test_kdeoth._kde_subclass2: 0[0m
[31ms.signal._support_alternative_backends: 20[0m
[31ms.signal._upfirdn._UpFIRDn: 0[0m
[31mscipy.stats._distribution_infrastructure.FoldedDistribution: 0[0m
[31ms.linalg.special_matrices: 1[0m
[31ms.signal.signaltools: 1[0m
[31mscipy.integrate.tests.test_integrate: 504[0m
[31ms.optimize._constraints.NonlinearConstraint: 0[0m
[31mscipy.stats.tests.test_entropy: 194[0m
[31ma.odr._odrpack.Output: 0[0m
[31mscipy.integrate.odepack: 1[0m
[31mscipy.ndimage._interpolation: 443[0m
[31mscipy.s.linalg._norm: 56[0m
[31mscipy.s.sparse.__init__: 7[0m
[31mscipy.stats.tests.test_mstats_extras: 89[0m
[31mscipy.stats._binned_statistic: 152[0m
[31m_lib.tests.test_warnings.ParseCall: 0[0m
[31mscipy.stats._multivariate.multivariate_normal_frozen: 0[0m
[31mscipy.stats._warnings_errors.FitError: 0[0m
[31m_lib.tests.test_tmpdirs: 40[0m
[31m_lib.array_api_compat.tests.test_copies_or_views: 15[0m
[31ma.tempita._looper.looper_iter: 0[0m
[31mscipy.stats._qmc.Halton: 0[0m
[31ms.spatial.qhull: 0[0m
[31mscipy.stats._fit.FitResult: 0[0m
[31mscipy.stats._continuous_distns.FitSolverError: 0[0m
[31mscipy.integrate._quad_vec.SemiInfiniteFunc: 0[0m
[31mscipy.stats.tests.test_sampling.dist: 0[0m
[31m_lib.cobyqa.__init__: 0[0m
[31mspecial._precompute.loggamma: 25[0m
[31moptimize._trustregion_constr.minimize_trustregion_constr.HessianLinearOperator: 0[0m
[31ms.optimize._differentiable_functions.VectorFunction: 0[0m
[31ms.interpolate.interpolate: 1[0m
[31ms.interpolate.polyint: 1[0m
[31mscipy.stats._multivariate.uniform_direction_frozen: 0[0m
[31moptimize.tests.test_regression: 7[0m
[31ms.linalg._decomp_schur: 60[0m
[31mspecial._precompute.gammainc_asy: 44[0m
[31mio._harwell_boeing.tests.test_fortran_format: 0[0m
[31ms.optimize._differentialevolution: 274[0m
[31m_lib.cobyqa.models: 150[0m
[31map.fft.__init__: 1[0m
[31mfft.tests.test_backend: 29[0m
[31ms.optimize._differentialevolution._ConstraintWrapper: 0[0m
[31mscipy.integrate._odepack_py: 29[0m
[31ms.signal.spectral: 1[0m
[31mci.io._netcdf.netcdf_variable: 0[0m
[31moptimize.tests.test_hessian_update_strategy: 126[0m
[31m_lib.cobyqa.utils.math: 16[0m
[31moptimize.tests.test_minimize_constrained.Elec: 0[0m
[31ms.optimize._differentiable_functions.LinearVectorFunction: 0[0m
[31ms.special._multiufuncs.MultiUFunc: 0[0m
[31ms.optimize.lbfgsb: 1[0m
[31ms.signal._signaltools: 857[0m
[31map.fft._debug_backends: 4[0m
[31ms.spatial.kdtree: 1[0m
[31mscipy.s.linalg._matfuncs: 58[0m
[31mio.arff._arffread.NumericAttribute: 0[0m
[31mscipy.integrate.__init__: 3[0m
[31mscipy.s.tests.test_common1d: 333[0m
[31ma.tempita._looper: 30[0m
[31mio.matlab._mio: 39[0m
[31ms.optimize._zeros_py.TOMS748Solver: 0[0m
[31mscipy.stats.tests.test_continuous_basic: 488[0m
[31mp._lib.__init__: 1[0m
[31m_lib.pyprima.common.test_threading: 16[0m
[31minterpolate.tests.test_polyint: 682[0m
[31m_lib.pyprima.cobyla.update: 166[0m
[31ms.signal._ltisys.LinearTimeInvariant: 0[0m
[31mlinalg.tests.test_special_matrices: 255[0m
[31mscipy.stats.tests._mvt: 60[0m
[31msignal.tests.test_max_len_seq: 32[0m
[31moptimize.tests.test__shgo: 244[0m
[31mscipy.stats.tests.test_kdeoth: 362[0m
[31m_isolve.tests.test_iterative.Case: 0[0m
[31mspecial.tests.data.convert: 49[0m
[31moptimize._trustregion_constr.tr_interior_point.BarrierSubproblem: 0[0m
[31mscipy.datasets._fetchers: 20[0m
[31mscipy.fft._pocketfft.helper.helper: 4[0m
[31mlinalg.tests.test_interpolative: 109[0m
[31m_lib.pyprima.common._nonlinear_constraints: 23[0m
[31mscipy.integrate._ivp.radau.Radau: 0[0m
[31mscipy.s.linalg._interface.MatrixLinearOperator: 0[0m
[31mfftpack.tests.test_real_transforms: 150[0m
[31ms.signal._upfirdn: 29[0m
[31mscipy.stats._correlation: 36[0m
[31moptimize.tests.test__linprog_clean_inputs: 200[0m
[31m_lib.tests.test_doccer: 38[0m
[31mscipy.stats.tests.reference_distributions.ReferenceDistribution: 0[0m
[31m_isolve.tests.test_lsqr: 56[0m
[31mscipy.s.sparse._csc: 43[0m
[31mio.matlab._mio4.VarWriter4: 0[0m
[31mscipy.stats._multivariate.multi_rv_generic: 0[0m
[31moptimize._trustregion_constr.projections: 20[0m
[31ms.optimize._trustregion_exact.IterativeSubproblem: 0[0m
[31ms.optimize._nonlin.ExcitingMixing: 0[0m
[31mp._lib._util: 457[0m
[31ms.linalg._sketches: 0[0m
[31msignal.windows.__init__: 0[0m
[31mscipy.s.sparse.base: 1[0m
[31minterpolate.tests.test_interpolate: 1829[0m
[31m_lib.array_api_compat.cupy._aliases: 98[0m
[31mscipy.integrate._ivp.rk.DOP853: 0[0m
[31ms.interpolate._interpolate.interp1d: 0[0m
[31mspatial.transform._rotation.Rotation: 0[0m
[31mscipy.stats._multivariate.vonmises_fisher_frozen: 0[0m
[31mspecial.tests.test_logsumexp: 35[0m
[31ms.fftpack.basic: 0[0m
[31ms.special._generate_pyx.Func: 0[0m
[31mscipy.stats._wilcoxon: 82[0m
[31mscipy.s._isolve.minres: 61[0m
[31mscipy.ndimage._fourier: 9[0m
[31m_lib.cobyqa.utils.__init__: 0[0m
[31m_lib.array_api_compat.array.torch._info: 2[0m
[31m_eigen.arpack.arpack.ArpackError: 0[0m
[31mscipy.stats._multivariate.multivariate_t_gen: 0[0m
[31ms.optimize._milp: 112[0m
[31moptimize.tests.test_lsq_linear: 155[0m
[31ms.optimize._dcsrch.DCSRCH: 0[0m
[31ms.interpolate._polyint: 49[0m
[31ms.interpolate._fitpack2.UnivariateSpline: 0[0m
[31mscipy.stats._stats_py: 2231[0m
[31mio._harwell_boeing._fortran_format_parser: 65[0m
[31mp._lib._array_api_compat_vendor: 0[0m
[31mscipy.stats.tests.studentized_range_mpmath_ref: 167[0m
[31m_lib.pyprima.common._bounds: 19[0m
[31mio._harwell_boeing._fortran_format_parser.ExpFormat: 0[0m
[31mio.arff._arffread.MetaData: 0[0m
[31mspecial.tests.test_nan_inputs: 0[0m
[31ma.tempita._tempita.Template: 0[0m
[31mspecial.tests.test_specfun: 20[0m
[31mspatial.transform._rigid_transform.RigidTransform: 0[0m
[31m_lib.pyprima.common.message: 59[0m
[31msignal.tests.test_ltisys: 564[0m
[31mnumpy: 123[0m
[31ms.interpolate._interpolate.NdPPoly: 0[0m
[31mscipy.s.linalg._interface.LinearOperator: 0[0m
[31ms.optimize._dual_annealing.StrategyChain: 0[0m
[31mcobyqa.utils.tests.test_math: 33[0m
[31ma.tempita._tempita: 303[0m
[31ms.optimize._lbfgsb_py.LbfgsInvHessProduct: 0[0m
[31mscipy.stats._covariance.Covariance: 0[0m
[31m_lib.pyprima.cobyla.cobylb: 180[0m
[31ms.special.sf_error: 1[0m
[31mscipy.s.sparse._data: 90[0m
[31mscipy.s.tests.test_matfuncs: 291[0m
[31mlinalg.tests.test_decomp: 2175[0m
[31moptimize.tests.test_cython_optimize: 18[0m
[31m_lib.pyprima.cobyla.geometry: 72[0m
[31mscipy.stats.tests.test_fit: 130[0m
[31ms.interpolate.fitpack: 0[0m
[31moptimize.tests.test_minimize_constrained.BoundedRosenbrock: 0[0m
[31m_lib.pyprima.common.test_end_to_end: 21[0m
[31ms.linalg.misc: 1[0m
[31mscipy.stats._covariance.CovViaCholesky: 0[0m
[31mscipy.stats._continuous_distns.FitUniformFixedScaleDataError: 0[0m
[31ma.odr._add_newdocs: 2[0m
[31mscipy.s.sparse.dok: 1[0m
[31mscipy.s.sparse._extract: 197[0m
[31mscipy.stats.tests.test_sampling.Distribution: 0[0m
[31mscipy.stats._distr_params: 0[0m
[31mscipy.stats._multivariate.uniform_direction_gen: 0[0m
[31ms.optimize._nonlin.TerminationCondition: 0[0m
[31mscipy.integrate._ode.IntegratorConcurrencyError: 0[0m
[31mio.matlab.tests.test_mio5_utils: 0[0m
[31mscipy.integrate._ode.vode: 0[0m
[31ms.interpolate._ndgriddata: 29[0m
[31mspecial.tests.test_digamma: 28[0m
[31moptimize.tests.test_nnls: 92[0m
[31mspecial.tests.test_boxcox: 65[0m
[31m_lib.pyprima.common.test_bounds: 7[0m
[31moptimize.tests.test_differentiable_functions: 594[0m
[31ms.optimize._linprog_util: 310[0m
[31m_lib.pyprima.common.nonlinearly_constrained: 32[0m
[31mfft._pocketfft.realtransforms: 31[0m
[31mspecial.tests.test_precompute_expn_asy: 11[0m
[31m_lib.pyprima.common.checkbreak: 28[0m
[31mio.matlab.miobase: 0[0m
[31m_eigen.arpack.arpack._ArpackParams: 0[0m
[31ms.optimize.linesearch: 1[0m
[31ms.optimize._tstutils: 76[0m
[31mscipy.stats._mgc._ParallelP: 0[0m
[31m_lib.array_api_extra._lib._backends: 14[0m
[31m_lib.array_api_compat.numpy.linalg: 45[0m
[31m_lib.array_api_extra.vendor_tests.test_vendor: 25[0m
[31ms.special._mptestutils.FixedArg: 0[0m
[31moptimize._lsq.least_squares: 112[0m
[31mscipy.s.sparse._dia: 183[0m
[31mscipy.stats._multivariate.invwishart_frozen: 0[0m
[31mlinalg.tests.test_sketches: 37[0m
[31moptimize.tests.test_cobyqa.CallbackNewSyntax: 0[0m
[31mlinalg.tests.test_decomp_ldl: 115[0m
[31ms.optimize._optimize._Brute_Wrapper: 0[0m
[31ms.interpolate._polyint.BarycentricInterpolator: 0[0m
[31m_lib.array_api_extra.vendor_tests._array_api_compat_vendor: 0[0m
[31mscipy.stats._multivariate.unitary_group_gen: 0[0m
[31ms.special._support_alternative_backends: 0[0m
[31m_lib.pyprima.common.bound_constrained: 6[0m
[31mscipy.stats._wilcoxon.WilcoxonDistribution: 0[0m
[31mscipy.integrate.tests.test_banded_ode_solvers: 105[0m
[31ms.optimize._linprog_simplex: 52[0m
[31ms.interpolate._fitpack2: 258[0m
[31mscipy.stats._stats_pythran: 53[0m
[31ms.optimize._nonlin.Anderson: 0[0m
[31mscipy.stats._result_classes: 0[0m
[31mscipy.integrate._ivp.tests.test_ivp: 791[0m
[31ms.constants.codata: 1[0m
[31ms.optimize._shgo.SHGO: 0[0m
[31m_lib.array_api_compat._internal: 14[0m
[31ms.optimize._linprog_highs: 32[0m
[31moptimize.tests.test_slsqp.NestedProblem: 0[0m
[31ms.optimize._group_columns: 13[0m
[31moptimize.tests.test_direct: 104[0m
[31ms.spatial.distance: 98[0m
[31mlinalg.tests.test_decomp_cossin: 181[0m
[31ms.optimize._shgo: 217[0m
[31mspecial._precompute.expn_asy: 29[0m
[31mspecial.tests.test_iv_ratio: 88[0m
[31mscipy.integrate._ivp.rk.Dop853DenseOutput: 0[0m
[31m_lib.pyprima.cobyla.cobyla_example: 20[0m
[31mcobyqa.subsolvers.optim: 304[0m
[31m_lib.array_api_compat.array.torch.linalg: 8[0m
[31mspecial.tests.test_hyp2f1: 556[0m
[31ms.spatial.ckdtree: 0[0m
[31ms.optimize._shgo.LMapCache: 0[0m
[31m_lib.tests.test_config: 12[0m
[31mPIL.ImageMode.ImageMode: 1[0m
[31ms.special._mptestutils.MpmathData: 0[0m
[31moptimize.tests.test_tnc: 122[0m
[31ms.optimize._trustregion_exact: 70[0m
[31mscipy.stats._continuous_distns.rv_histogram: 0[0m
[31mlinalg.tests.test_blas: 467[0m
[31mio.matlab._byteordercodes: 2[0m
[31mscipy.s.tests.test_arithmetic1d: 32[0m
[31moptimize._highspy._highs_wrapper: 52[0m
[31mscipy.datasets._registry: 0[0m
[31ms.optimize._minimize._Patch_Callback_Equal_Variables: 0[0m
[31ms.optimize._differentiable_functions._ScalarGradWrapper: 0[0m
[31ma.tempita._looper.looper: 0[0m
[31ms.linalg._decomp_svd: 76[0m
[31m_lib.array_api_compat.numpy.fft: 33[0m
[31m_lib.array_api_extra._lib._lazy: 57[0m
[31ms.signal._delegators: 200[0m
[31m_lib.array_api_compat.array._info: 55[0m
[31mscipy.stats._binomtest: 0[0m
[31mscipy.integrate._rules._base: 43[0m
[31moptimize._lsq.bvls: 40[0m
[31mPIL.PngImagePlugin.PngStream: 297[0m
[31mp._lib._util._ScalarFunctionWrapper: 0[0m
[31mscipy.linalg.blas.blas: 11[0m
[31mscipy.stats.tests.test_discrete_basic: 350[0m
[31mspecial.tests.test_wright_bessel: 46[0m
[31msignal.tests.test_czt: 152[0m
[31m_isolve.tests.test_gcrotmk: 95[0m
[31map.fft._helper: 27[0m
[31ms.fftpack._basic: 0[0m
[31mfft._pocketfft.helper: 53[0m
[31mscipy.s.sparse._base: 284[0m
[31ms.optimize._differentialevolution.DifferentialEvolutionSolver: 0[0m
[31minterpolate.tests.test_ndgriddata: 184[0m
[31m_lib.array_api_compat.array.common._typing: 3[0m
[31mp._lib.uarray: 2[0m
[31mscipy.stats._multivariate.multivariate_t_frozen: 0[0m
[31moptimize.tests.test__differential_evolution: 711[0m
[31moptimize.tests.test_trustregion: 36[0m
[31ms.linalg._testutils._FakeMatrix2: 0[0m
[31ms.optimize._spectral: 51[0m
[31m_lib.tests.test_array_api: 189[0m
[31mscipy.stats._crosstab: 33[0m
[31mscipy.s.linalg.matfuncs: 1[0m
[31map.fft._backend: 16[0m
[31ms.fftpack.realtransforms: 0[0m
[31mscipy.integrate.tests.test_odeint_jac: 12[0m
[31mcluster.tests.test_hierarchy: 714[0m
[31m_lib._uarray.__init__: 0[0m
[31ms.cluster.hierarchy: 419[0m
[31mscipy.integrate._cubature._InfiniteLimitsTransform: 0[0m
[31ms.optimize.minpack2: 1[0m
[31mio.arff.tests._generate_blas_wrapper: 0[0m
[31mscipy.s._isolve.lsqr: 71[0m
[31mscipy.s._isolve._gcrotmk: 1[0m
[31mscipy.stats.tests.test_resampling: 1099[0m
[31ms.interpolate._rbfinterp_pythran: 31[0m
[31ms.signal._wavelets: 15[0m
[31moptimize.tests.test__root: 35[0m
[31mci.io.__init__: 3[0m
[31mscipy.stats._covariance: 66[0m
[31mPIL.TiffTags.TagInfo: 147[0m
[31m_lib.array_api_compat.tests.test_no_dependencies: 15[0m
[31ms.linalg._decomp_polar: 10[0m
[31mscipy.linalg.lapack.lapack: 2[0m
[31mscipy.s.tests.test_interface: 509[0m
[31m_lib.array_api_compat.vendor_test.uses_dask: 10[0m
[31ms.linalg.decomp_lu: 1[0m
[31ms.signal.wavelets: 1[0m
[31mscipy.ndimage.filters: 1[0m
[31moptimize.tests.test_optimize: 747[0m
[31mscipy.stats._distribution_infrastructure.Mixture: 0[0m
[31ms.signal.__init__: 0[0m
[31mscipy.s.sparse._generate_sparsetools: 73[0m
[31mio._fast_matrix_market.__init__._TextToBytesWrapper: 0[0m
[31mci.io._fortran: 45[0m
[31minterpolate.tests.test_bsplines.F_dense: 0[0m
[31moptimize._lsq.common: 145[0m
[31ms.linalg._decomp: 227[0m
[31mPIL._util._util: 54[0m
[31m-- none --: 0[0m
[31ms.interpolate._bsplines.BSpline: 0[0m
[31m_lib.array_api_extra.tests.test_helpers: 168[0m
[31mlinalg.tests.test_decomp_cholesky: 183[0m
[31mio.matlab._mio5.MatFile5Writer: 0[0m
[31mscipy.stats._bws_test: 46[0m
[31mscipy.s.tests.test_array_api: 175[0m
[31m_isolve.tests.test_lgmres: 0[0m
[31mscipy.ndimage.tests.test_interpolation: 814[0m
[31m_lib.pyprima.cobyla.initialize: 93[0m
[31mspatial.tests.test_kdtree: 801[0m
[31ms.signal._czt.ZoomFFT: 0[0m
[31mscipy.integrate._quadrature: 445[0m
[31m_lib.pyprima.common.history: 13[0m
[31moptimize.tests.test_minimize_constrained.MaratosGradInFunc: 0[0m
[31mio._harwell_boeing._fortran_format_parser.Token: 0[0m
[31ms.special._testutils: 112[0m
[31mscipy.stats._kde: 104[0m
[31minterpolate.tests.test_bsplines.NdBSpline0: 0[0m
[31mio.matlab._mio4.MatFile4Reader: 0[0m
[31moptimize.tests.test_minpack: 594[0m
[31mscipy.stats._qmvnt: 98[0m
[31mscipy.s.linalg._matfuncs.MatrixPowerOperator: 0[0m
[31moptimize._shgo_lib._vertex.VertexScalarField: 0[0m
[31moptimize.tests.test_cobyla.CallbackNewSyntax: 0[0m
[31mp._lib._sparse: 0[0m
[31mio.matlab._miobase.MatFileReader: 0[0m
[31ms.signal._filter_design: 770[0m
[31mscipy.integrate._bvp: 162[0m
[31ms.signal.filter_design: 1[0m
[31m_lib.pyprima.common.powalg: 24[0m
[31mPIL.ImageTk.ImageTk: 60[0m
[31mscipy.stats._distn_infrastructure.rv_frozen: 0[0m
[31msignal.tests.test_filter_design: 2241[0m
[31ms.signal._spline_filters: 205[0m
[31mspecial.tests.test_spfun_stats: 31[0m
[31mci.io._idl: 208[0m
[31mspatial.transform.tests.test_rotation: 1839[0m
[31moptimize.tests.test_minimize_constrained.IneqRosenbrock: 0[0m
[31mscipy.s.sparse._matrix_io: 24[0m
[31mlinalg.tests.test_decomp_lu: 255[0m
[31m_lib.array_api_compat.tests.test_isdtype: 34[0m
[31mci.io.netcdf: 1[0m
[31mio._harwell_boeing._fortran_format_parser.IntFormat: 0[0m
[31mscipy.s.sparse._base._spbase: 0[0m
[31mfft._pocketfft.tests.test_basic.FakeArray2: 0[0m
[31msignal.tests.test_waveforms: 0[0m
[31mscipy.stats._stats_py._SimpleStudentT: 0[0m
[31mscipy.s.sparse.extract: 1[0m
[31ms.special._logsumexp: 66[0m
[31moptimize.tests.test__dual_annealing: 151[0m
[31ms.optimize._minpack_py: 156[0m
[31mspecial.tests.test_owens_t: 0[0m
[31mscipy.s.tests.test_minmax1d: 82[0m
[31mscipy.stats._qmc.MultinomialQMC: 0[0m
[31ms.fftpack._helper: 9[0m
[31moptimize.tests.test_slsqp: 1570[0m
[31mscipy.integrate._ivp.bdf.BDF: 0[0m
[31msympy: 2[0m
[31moptimize.tests.test_cobyqa.Callback: 0[0m
[31mscipy.datasets._utils: 13[0m
[31mio.matlab._mio4.VarReader4: 0[0m
[31mscipy.stats._multivariate.special_ortho_group_gen: 0[0m
[31mfft._pocketfft.basic: 1[0m
[31m_lib.array_api_compat.tests._helpers: 35[0m
[31ms.linalg.blas: 33[0m
[31mscipy.stats.tests.test_axis_nan_policy: 635[0m
[31ms.spatial._procrustes: 14[0m
[31mp._lib._array_api_override: 21[0m
[31m_lib.pyprima.common.powell2015: 28[0m
[31mscipy.s.linalg._special_sparse_arrays.LaplacianNd: 0[0m
[31mscipy.s._isolve.tfqmr: 33[0m
[31mfft._pocketfft.tests.test_basic.FakeArray: 0[0m
[31m_eigen.arpack.tests.test_arpack: 29[0m
[31moptimize.tests.test_cobyla: 45[0m
[31m_lib.pyprima.common.redrho: 1[0m
[31mscipy.stats._covariance.CovViaDiagonal: 0[0m
[31m_lib.pyprima.common.test_get_lincon: 23[0m
[31moptimize._shgo_lib._complex: 370[0m
[31me._eigen.__init__: 1[0m
[31moptimize._trustregion_constr.tests.test_report: 0[0m
[31mscipy.integrate.tests.test_quadrature: 412[0m
[31mio.tests.test_fortran: 252[0m
[31mscipy.s._isolve.__init__: 1[0m
[31ms.optimize.nonlin: 1[0m
[31mscipy.stats._distribution_infrastructure._Parameterization: 0[0m
[31ms.spatial._kdtree.Rectangle: 0[0m
[31moptimize.tests.test_cobyqa: 61[0m
[31moptimize.tests.test_lbfgsb_setulb: 35[0m
[31ma.tempita._tempita.TemplateError: 0[0m
[31mscipy.stats.tests.test_multivariate: 1150[0m
[31mPIL.ImageFile.ImageFile: 813[0m
[31mscipy.s.tests.test_extract: 36[0m
[31mscipy.s.tests.test_indexing1d: 417[0m
[31mscipy.stats._multivariate.wishart_frozen: 0[0m
[31mscipy.stats._distribution_infrastructure._Parameter: 0[0m
[31mscipy.s.tests.test_coo: 782[0m
[31msignal.tests.test_upfirdn: 149[0m
[31ms.optimize._qap: 116[0m
[31m_lib.array_api_compat.tests.test_all: 35[0m
[31mlinalg.tests.test_solvers: 405[0m
[31mspecial.tests.test_bdtr: 54[0m
[31moptimize.tests.test_minpack.ReturnShape: 0[0m
[31ms.optimize._trustregion.BaseQuadraticSubproblem: 0[0m
[31ms.interpolate._polyint._Interpolator1D: 0[0m
[31mscipy.s.tests.test_csr: 116[0m
[31me._dsolve.linsolve: 363[0m
[31mscipy.s.linalg.dsolve: 0[0m
[31ms.optimize._bracket: 125[0m
[31ms.optimize._zeros_py: 296[0m
[31ms.linalg._matfuncs_sqrtm_triu: 4[0m
[31mspecial.tests.test_lambertw: 155[0m
[31mscipy.stats.tests.test_continuous.Test: 1[0m
[31ms.special._generate_pyx: 214[0m
[31moptimize.tests.test__shgo.StructTestFunction: 0[0m
[31ms.optimize._isotonic: 13[0m
[31minterpolate.tests.test_bsplines: 2161[0m
[31mscipy.s.linalg._interface._TransposedLinearOperator: 0[0m
[31mscipy.stats._discrete_distns.poisson_binomial_frozen: 0[0m
[31mscipy.stats._page_trend_test._PageL: 0[0m
[31mio.arff._arffread.DateAttribute: 0[0m
[31mspecial._precompute.wright_bessel_data: 38[0m
[31m_lib.array_api_compat.cupy.fft: 30[0m
[31mscipy.stats._distn_infrastructure.rv_discrete: 0[0m
[31mlinalg.tests.test_cythonized_array_utils: 0[0m
[31ms.signal._spectral_py: 280[0m
[31mspecial.tests.test_extending: 19[0m
[31ms.signal._max_len_seq_inner: 3[0m
[31mscipy.stats._warnings_errors.DegenerateDataWarning: 0[0m
[31m_lib.tests.test_bunch: 78[0m
[31m_lib.pyprima.common.infos: 0[0m
[31ms.cluster.vq: 166[0m
[31mscipy.stats.kde: 1[0m
[31mscipy.stats.__init__: 3[0m
[31mscipy.integrate._ode.dopri5: 0[0m
[31m_lib.pyprima.common.test_pycutest: 31[0m
[31ms.linalg.interpolative: 83[0m
[31moptimize.tests.test_linesearch: 6[0m
[31mlinalg.tests.test_lapack: 1941[0m
[31mscipy.ndimage._ni_support: 147[0m
[31mscipy.stats._stats_py._SimpleBeta: 0[0m
[31ms.special._mptestutils: 44[0m
[31ms.interpolate.ndgriddata: 0[0m
[31map.fft._basic: 21[0m
[31minterpolate.tests.test_rbf: 7[0m
[31mscipy.stats.tests.test_marray: 251[0m
[31ms.interpolate._interpnd_info: 24[0m
[31mio.matlab.mio_utils: 1[0m
[31mspatial.tests.test__procrustes: 49[0m
[31ms.optimize._differentiable_functions._VectorHessWrapper: 0[0m
[31mscipy.stats._probability_distribution: 25[0m
[31mscipy.integrate._rules._gauss_legendre.GaussLegendreQuadrature: 0[0m
[31mscipy.stats._continuous_distns.FitDataError: 0[0m
[31m_lib.tests.test__gcutils.C: 0[0m
[31mscipy.stats.tests.test_hypotests: 685[0m
[31m_lib.cobyqa.models.Models: 0[0m
[31mscipy.stats._odds_ratio.OddsRatioResult: 0[0m
[31ms.optimize._basinhopping: 80[0m
[31ms.interpolate._cubic.PchipInterpolator: 0[0m
[31mfftpack.tests.test_basic.FakeArray2: 0[0m
[31mscipy.integrate._rules._gauss_kronrod: 8[0m
[31mscipy.stats._mannwhitneyu: 128[0m
[31msignal.tests.test_spectral: 1031[0m
[31mspecial.tests.test_trig: 44[0m
[31msignal.windows._windows: 283[0m
[31m_lib.cobyqa.models.Quadratic: 0[0m
[31mscipy.stats._censored_data.CensoredData: 0[0m
[31mscipy.differentiate.__init__: 0[0m
[31mscipy.stats._constants: 5[0m
[31m_lib.cobyqa.tests.test_problem: 282[0m
[31mcobyqa.utils.tests.test_exceptions: 8[0m
[31mp._lib._testutils: 81[0m
[31ms.fftpack.__init__: 0[0m
[31mscipy.stats._qmc.LatinHypercube: 0[0m
[31mio.arff._arffread.NominalAttribute: 0[0m
[31mscipy.datasets.__init__: 1[0m
[31mscipy.s.sparse.lil: 1[0m
[31mci.io._netcdf: 49[0m
[31ms.optimize._zeros_py.RootResults: 0[0m
[31mscipy.s.tests.test_expm_multiply: 267[0m
[31ms.linalg._misc: 13[0m
[31mscipy.s.linalg._matfuncs.ProductOperator: 0[0m
[31ms.linalg._testutils: 15[0m
[31mscipy.s.linalg.interface: 0[0m
[31mscipy.stats._multivariate.multivariate_hypergeom_frozen: 0[0m
[31ms.spatial.__init__: 0[0m
[31ms.optimize._root_scalar: 39[0m
[31mscipy.integrate._ivp.bdf.BdfDenseOutput: 0[0m
[31m_lib.array_api_extra._utils._typing: 0[0m
[31moptimize.tests.test__root.fun: 0[0m
[31ms.signal._short_time_fft: 2009[0m
[31mscipy.stats._distn_infrastructure._ShapeInfo: 0[0m
[31mPIL.PngImagePlugin.PngImageFile: 567[0m
[31ms.interpolate._rbf: 62[0m
[31ms.optimize._basinhopping.AdaptiveStepsize: 0[0m
[31mspecial.tests.data.datafunc: 24[0m
[31mscipy.stats._sensitivity_analysis: 69[0m
[31mscipy.s.linalg._special_sparse_arrays: 37[0m
[31mfftpack.tests.test_basic: 503[0m
[31mscipy.integrate._ivp.tests.test_rk: 22[0m
[31mscipy.s.tests.test_csc: 37[0m
[31moptimize.tests.test_quadratic_assignment: 7[0m
[31ms.signal._ltisys.lti: 31[0m
[31ma.csgraph._validation: 0[0m
[31mscipy.stats._hypotests: 367[0m
[31ms.misc.common: 1[0m
[31mscipy.ndimage.tests.test_c_api: 1324[0m
[31mcobyqa.subsolvers.__init__: 0[0m
[31mscipy.s._isolve.utils: 26[0m
[31mscipy.stats._distn_infrastructure.rv_generic: 0[0m
[31ms.interpolate._cubic.CubicSpline: 0[0m
[31m_lib.tests.test__testutils: 7[0m
[31ms.optimize.elementwise: 0[0m
[31mspecial._precompute.hyp2f1_data: 117[0m
[31m_lib.array_api_compat.array.common._linalg: 52[0m
[31ms.interpolate._fitpack2.RectSphereBivariateSpline: 0[0m
[31mfftpack.tests.test_pseudo_diffs: 433[0m
[31moptimize.tests.test_linprog: 759[0m
[31m_lib.array_api_extra.tests.test_helpers.C: 0[0m
[31ms.linalg._linalg_pythran: 0[0m
[31m_lib.cobyqa.main: 227[0m
[31mscipy.integrate.tests.test_bvp: 467[0m
[31minterpolate.tests.test_interpnd: 406[0m
[31m_lib.tests.get_and_clean_unuran: 0[0m
[31ms.optimize._nonlin.DiagBroyden: 0[0m
[31ms.interpolate._rbfinterp.RBFInterpolator: 0[0m
[31m_lib.array_api_extra.tests.test_testing.Wrapper: 0[0m
[31ms.signal._polyutils: 93[0m
[31mscipy.ndimage.tests.test_morphology: 944[0m
[31mscipy.stats.tests.test_tukeylambda_stats: 33[0m
[31mscipy.s.tests.test_64bit: 0[0m
[31ms.interpolate.interpnd: 1[0m
[31ms.interpolate._cubic.CubicHermiteSpline: 0[0m
[31mfft.tests.test_real_transforms: 133[0m
[31m_lib.array_api_compat.cupy._info: 57[0m
[31mscipy.stats._warnings_errors.NearConstantInputWarning: 0[0m
[31mscipy.s.tests.test_pydata_sparse: 1[0m
[31ms.optimize._linprog_ip: 136[0m
[31ma.tempita._looper.loop_pos: 0[0m
[31m_lib.array_api_extra._lib._at: 220[0m
[31mspecial.tests.test_data: 285[0m
[31mscipy.stats._multivariate.multivariate_hypergeom_gen: 0[0m
[31mscipy.stats._mstats_basic: 702[0m
[31ma.csgraph.__init__: 0[0m
[31moptimize.tests.test_least_squares.ExponentialFittingProblem: 0[0m
[31moptimize.tests.test_least_squares.Fun_Rosenbrock: 0[0m
[31mscipy.special: 4[0m
[31mscipy.integrate._ivp.base: 32[0m
[31mscipy.stats._rcont.__init__: 0[0m
[31mscipy.stats._fit: 380[0m
[31mp._lib._gcutils: 0[0m
[31ms.interpolate._fitpack2.LSQSphereBivariateSpline: 0[0m
[31mscipy.s.tests.test_matrix_io: 59[0m
[31mio.arff._arffread: 187[0m
[31mscipy.stats._hypotests.CramerVonMisesResult: 0[0m
[31ms.optimize._differentiable_functions: 203[0m
[31ms.interpolate._fitpack2.SmoothSphereBivariateSpline: 0[0m
[31mspecial.tests.test_mpmath: 1403[0m
[31minterpolate.tests.test_rgi.MyValue: 0[0m
[31mscipy.ndimage.tests.test_fourier: 129[0m
[31mscipy.stats.mstats: 0[0m
[31ms.signal._short_time_fft.ShortTimeFFT: 0[0m
[31ms.interpolate.rbf: 0[0m
[31mio.tests.test_wavfile: 212[0m
[31mscipy.s.linalg._interface._AdjointLinearOperator: 0[0m
[31ms.interpolate._fitpack_impl: 227[0m
[31mspecial._precompute.wrightomega: 18[0m
[31mscipy.stats._mgc: 73[0m
[31mspecial.tests.test_cdflib.EndpointFilter: 0[0m
[31ms.optimize._root_scalar.MemoizeDer: 0[0m
[31m_eigen.arpack.tests.test_arpack.SymmetricParams: 0[0m
[31m_lib.cobyqa.tests.test_models: 78[0m
[31ms.linalg.matfuncs: 0[0m
[31moptimize.tests.test_least_squares.BroydenTridiagonal: 0[0m
[31ms.optimize._differentiable_functions.ScalarFunction: 0[0m
[31map.fft._fftlog_backend: 37[0m
[31msignal.tests.test_splines: 183[0m
[31mp._lib._elementwise_iterative_method: 88[0m
[31m_lib.pyprima.common.conftest: 1[0m
[31moptimize._shgo_lib._vertex.VertexCacheField: 0[0m
[31mspecial.tests.test_sph_harm: 41[0m
[31mscipy.integrate.dop: 1[0m
[31mscipy.stats._covariance.CovViaEigendecomposition: 0[0m
[31ms.optimize._remove_redundancy: 99[0m
[31mscipy.integrate._ivp.base.DenseOutput: 0[0m
[31ms.optimize._basinhopping.RandomDisplacement: 0[0m
[31ms.optimize._linprog_doc: 9[0m
[31minterpolate.tests.test_bsplines.BatchSpline: 0[0m
[31ms.linalg.basic: 1[0m
[31mscipy.stats.tests.test_quantile: 126[0m
[31ms.interpolate.fitpack2: 0[0m
[31m_isolve.tests.test_iterative.IterativeParams: 0[0m
[31mscipy.s._isolve.lsmr: 75[0m
[31m_eigen.arpack.arpack.SpLuInv: 0[0m
[31m_lib._uarray._backend.Dispatchable: 0[0m
[31mscipy.s.sparse._compressed: 534[0m
[31mscipy.stats._mstats_extras: 113[0m
[31ms.cluster.__init__: 1[0m
[31mscipy.stats._morestats._ABW: 0[0m
[31ms.special._basic: 446[0m
[31mscipy.stats.tests.test_qmc: 593[0m
[31mp._lib.doccer: 6[0m
[31mscipy.stats.tests.test_kdeoth._kde_subclass1: 0[0m
[31ms.optimize._constraints: 88[0m
[31mscipy.stats._multicomp: 58[0m
[31ms.interpolate._cubic.Akima1DInterpolator: 0[0m
[31mscipy.stats.tests.test_correlation: 37[0m
[31mlinalg.tests.test_matmul_toeplitz: 79[0m
[31ms.optimize.optimize: 1[0m
[31msignal.tests.test_signaltools: 1552[0m
[31ms.optimize._nnls: 24[0m
[31mio.matlab.mio: 0[0m
[31mscipy.stats._qmc: 167[0m
[31ms.constants._constants: 40[0m
[31ms.optimize._linprog_rs: 99[0m
[31mci.io._fortran.FortranFile: 0[0m
[31moptimize.tests.test_lbfgsb_hessinv: 38[0m
[31m_lib.cobyqa.settings: 7[0m
[31ms.signal.ltisys: 1[0m
[31ms.optimize._optimize.MemoizeJac: 0[0m
[31mscipy.stats._relative_risk: 31[0m
[31ms.linalg._matfuncs_inv_ssq: 210[0m
[31mscipy.integrate._quadpack_py._RangeFunc: 0[0m
[31mscipy.stats._quantile: 0[0m
[31mscipy.stats._multivariate.matrix_normal_gen: 0[0m
[31mlinalg.tests.test_matfuncs: 591[0m
[31mscipy.integrate._ivp.common: 463[0m
[31mscipy.integrate._cubature: 293[0m
[31mPIL.PngImagePlugin.ChunkStream: 837[0m
[31m_dsolve.tests.test_linsolve: 583[0m
[31ms.spatial._spherical_voronoi.SphericalVoronoi: 0[0m
[31mscipy.ndimage.tests.generate_label_testvectors: 18[0m
[31mio.arff.arffread: 0[0m
[31mscipy.s.tests.test_interface.MyMatrix: 0[0m
[31mscipy.integrate._rules._base.NestedFixedRule: 0[0m
[31mscipy.stats.tests.test_variation: 122[0m
[31mscipy.s.sparse._sputils: 201[0m
[31moptimize.tests.test_constraint_conversion: 128[0m
[31ms.linalg._decomp_ldl: 34[0m
[31mscipy.ndimage._support_alternative_backends: 48[0m
[31ma.csgraph._laplacian: 0[0m
[31ms.interpolate._bsplines: 485[0m
[31mlinalg.tests.test_cython_blas: 104[0m
[31mspatial.transform._rigid_transform: 89[0m
[31mp._lib._pep440.Version: 0[0m
[31mscipy.ndimage.tests.test_splines: 19[0m
[31mscipy.integrate._ode.ode: 0[0m
[31mscipy.stats._multivariate.random_correlation_gen: 0[0m
[31mscipy.stats.tests.fisher_exact_results_from_r: 170[0m
[31m_eigen.lobpcg.tests.test_lobpcg: 408[0m
[31mcsgraph.tests.test_graph_laplacian: 130[0m
[31m_lib.array_api_extra.testing: 33[0m
[31mspatial.transform._rotation: 138[0m
[31msignal.windows.windows: 1[0m
[31m_lib.array_api_extra._utils._helpers: 96[0m
[31mscipy.s.linalg._interface: 241[0m
[31mscipy.s.sparse.sputils: 1[0m
[31ms.spatial._spherical_voronoi: 57[0m
[31ms.interpolate._ndbspline: 117[0m
[31ms.interpolate._pade: 0[0m
[31mfft.tests.mock_backend._MockFunction: 0[0m
[31ms.fftpack.pseudo_diffs: 1[0m
[31mspecial.tests.test_cython_special: 34[0m
[31mscipy.integrate._quad_vec.DoubleInfiniteFunc: 0[0m
[31map.fft._fftlog: 2[0m
[31minterpolate.tests.test_rgi: 536[0m
[31ms.signal.bsplines: 1[0m
[31m_eigen.arpack.arpack.IterOpInv: 2[0m
[31ms.cluster.hierarchy.ClusterNode: 0[0m
[31ma.tempita._tempita.TemplateObject: 0[0m
[31mscipy.stats.tests.test_binned_statistic: 244[0m
[31m_lib.pyprima.cobyla.cobyla: 84[0m
[31moptimize.tests.test_milp: 166[0m
[31m_lib.array_api_compat.vendor_test.uses_torch: 12[0m
[31mscipy.ndimage.morphology: 1[0m
[31m_eigen.lobpcg.lobpcg: 157[0m
[31ms.optimize._nonlin.Jacobian: 0[0m
[31ms.optimize._dual_annealing.VisitingDistribution: 0[0m
[31ms.linalg.decomp_svd: 1[0m
[31mscipy.stats.tests.test_odds_ratio: 56[0m
[31ms.signal._arraytools: 25[0m
[31me._eigen._svds: 63[0m
[31mlinalg.tests.test_cython_lapack: 10[0m
[31m_lib.tests.test_import_cycles: 4[0m
[31mci.io._idl.Pointer: 0[0m
[31mspatial.transform._rotation_groups: 46[0m
[31ms.optimize._hessian_update_strategy: 62[0m
[31m_lib.cobyqa.tests.test_main.Callback: 0[0m
[31mscipy.stats.mstats_basic: 0[0m
[31mio.matlab.tests.test_mio: 773[0m
[31mlinalg.tests.test_procrustes: 3[0m
[31m_lib.cobyqa.models.Interpolation: 0[0m
[31m_lib.pyprima.common.rosenbrock: 17[0m
[31mscipy.integrate._ivp.rk.RungeKutta: 0[0m
[31m_isolve.tests.test_iterative.SingleTest: 0[0m
[31mscipy.stats._covariance.CovViaPSD: 0[0m
[31ms.interpolate._fitpack2.LSQUnivariateSpline: 0[0m
[31ms.signal.spline: 1[0m
[31mscipy.integrate._ivp.base.OdeSolver: 0[0m
[31mscipy.stats._warnings_errors.ConstantInputWarning: 0[0m
[31m_lib.array_api_extra.tests.test_at: 38[0m
[31ms.interpolate._polyint.KroghInterpolator: 0[0m
[31mspecial.tests.test_faddeeva: 0[0m
[31mscipy.__init__: 11[0m
[31mscipy.s.tests.test_construct: 744[0m
[31moptimize.tests.test_minimize_constrained.HyperbolicIneq: 0[0m
[31ms.special._add_newdocs: 208[0m
[31moptimize._shgo_lib._vertex.VertexCacheIndex: 0[0m
[31moptimize.tests.test_optimize.FunctionWithGradient: 0[0m
[31mscipy.stats._entropy: 82[0m
[31ma.tempita._tempita.TemplateObjectGetter: 0[0m
[31ms.constants._codata: 60[0m
[31mscipy.stats.tests.test_device_dtype: 119[0m
[31mscipy.stats.tests.test_stats.ArrLike: 0[0m
[31mcsgraph.tests.test_conversions: 23[0m
[31mscipy.s.tests.test_spfuncs: 78[0m
[31mfft._pocketfft.tests.test_basic: 586[0m
[31ms.special._orthogonal.orthopoly1d: 0[0m
[31ms.linalg.decomp: 1[0m
[31mscipy.ndimage.interpolation: 0[0m
[31mscipy.s.sparse.csr: 1[0m
[31mspatial.transform.__init__: 1[0m
[31ms.spatial._geometric_slerp: 35[0m
[31ms.interpolate._fitpack2.LSQBivariateSpline: 0[0m
[31mp._lib._bunch: 38[0m
[31ms.optimize.minpack: 0[0m
[31m_lib.array_api_extra._lib._at.at: 0[0m
[31m_lib.cobyqa.problem.NonlinearConstraints: 0[0m
[31mspecial.tests.test_orthogonal: 900[0m
[31mscipy.integrate._quadpack_py._NQuad: 0[0m
[31moptimize.tests.test_trustregion_krylov: 0[0m
[31ms.special._orthogonal: 280[0m
[31ms.optimize.cobyla: 1[0m
[31mp._lib._util.MapWrapper: 0[0m
[31mlinalg.tests.test_decomp_polar: 66[0m
[31m_eigen.arpack.arpack.IterInv: 1[0m
[31ms.fftpack.helper: 0[0m
[31mscipy.stats.tests.test_sampling.dist2: 0[0m
[31mspecial.tests.test_basic: 2663[0m
[31mio.arff.tests._wrappers_common: 22[0m
[31mscipy.stats.tests.test_multivariate.MVNProblem: 0[0m
[31me._dsolve._add_newdocs: 8[0m
[31m_lib.tests.test__util: 360[0m
[31mscipy.integrate._quad_vec._Bunch: 0[0m
[31ms.optimize._nonlin.LinearMixing: 0[0m
[31mfft.tests.test_fftlog: 85[0m
[31moptimize._lsq.lsq_linear: 47[0m
[31ms.linalg._cython_signature_generator: 26[0m
[31mio.matlab._miobase: 44[0m
[31ms.interpolate._rgi: 179[0m
[31ms.interpolate._fitpack_repro: 36[0m
[31mscipy.stats.tests.test_morestats: 1339[0m
[31mspatial.transform._rotation_spline.RotationSpline: 0[0m
[31mspecial.tests.test_cosine_distr: 13[0m
[31mp._lib._disjoint_set: 12[0m
[31mio.matlab.tests.test_mio_utils: 0[0m
[31m_lib.array_api_compat.array.fft: 6[0m
[31m_lib.cobyqa.framework: 2334[0m
[31ms.optimize._basinhopping.Metropolis: 0[0m
[31ms.linalg._matfuncs_inv_ssq._MatrixM1PowerOperator: 0[0m
[31moptimize.tests.test__basinhopping.MyCallBack: 0[0m
[31mscipy.stats.tests.test_rank: 172[0m
[31mspecial._precompute.gammainc_data: 48[0m
[31ms.optimize._constraints.Bounds: 0[0m
[31ms.linalg.decomp_qr: 1[0m
[31mscipy.integrate._lebedev: 1307[0m
[31mscipy.stats._multivariate.ortho_group_frozen: 0[0m
[31mp._lib._pep440.LegacyVersion: 0[0m
[31ms.special._mptestutils.IntArg: 0[0m
[31ms.optimize._differentiable_functions._VectorJacWrapper: 0[0m
[31ms.linalg._testutils._FakeMatrix: 0[0m
[31mci.io.wavfile: 124[0m
[31mio.matlab.mio4: 0[0m
[31m_lib.array_api_compat.tests.test_jax: 27[0m
[31mscipy.differentiate._differentiate: 1839[0m
[31ma.odr._odrpack: 136[0m
[31mscipy.stats.contingency: 0[0m
[31mio.matlab._mio4.VarHeader4: 0[0m
[31m_lib.array_api_extra._delegation: 0[0m
[31m_lib.array_api_compat.array.torch.fft: 0[0m
[31m_lib.array_api_extra.tests.test_lazy: 174[0m
[31ms.linalg._procrustes: 10[0m
[31mio.matlab.tests.test_mio_funcs: 0[0m
[31ms.signal._fir_filter_design: 220[0m
[31mci.io._mmio: 195[0m
[31m_lib.array_api_compat.numpy._typing: 0[0m
[31m_lib.pyprima.common._project: 85[0m
[31msignal.tests._scipy_spectral_test_shim: 5[0m
[31mscipy.stats._binomtest.BinomTestResult: 0[0m
[31moptimize.tests.test_lsq_common: 146[0m
[31m_lib.array_api_compat.vendor_test.uses_numpy: 10[0m
[31mscipy.stats._qmc.Sobol: 0[0m
[31ms.signal._waveforms: 0[0m
[31ms.spatial._kdtree: 2[0m
[31mscipy.s.linalg._special_sparse_arrays.Sakurai: 0[0m

===== THRESHOLD FILTER PLAN =====
Kept ComponentTypes: 15
Filtered ComponentTypes: 1428
Filtered AssemblyComponents: 1428
Filtered AssemblyOperations: 67402
Filtered AssemblyStorages: 1059
Filtered DeployedComponents: 1429
Filtered DeployedOperations: 67402
Filtered DeployedStorages: 1059
Filtered Invocations: 86187
Filtered OperationDataflows: 66757
Filtered StorageDataflows: 2891
Deletion plan size: 297042
[32m
===== COMPLETE MODEL VALIDATION =====
ComponentTypes: 15
AssemblyComponents: 15
DeployedComponents: 15
OperationTypes: 17871
AssemblyOperations: 17871
DeployedOperations: 17871
Invocations: 9106
Invocation call sum: 16634
Statistics entries: 7274
Source entries: 164
Consistency errors: 0[0m
[32mDisplayed edges: 113[0m
00:07:24.184 [Thread for ModelRepositoryProducerStage-0] INFO org.oceandsl.analysis.architecture.ArchitectureModelManagementUtils -- Saving model type-model.xmi
00:07:24.304 [Thread for ModelRepositoryProducerStage-0] INFO org.oceandsl.analysis.architecture.ArchitectureModelManagementUtils -- Saving model assembly-model.xmi
00:07:24.744 [Thread for ModelRepositoryProducerStage-0] INFO org.oceandsl.analysis.architecture.ArchitectureModelManagementUtils -- Saving model deployment-model.xmi
00:07:24.994 [Thread for ModelRepositoryProducerStage-0] INFO org.oceandsl.analysis.architecture.ArchitectureModelManagementUtils -- Saving model execution-model.xmi
00:07:25.266 [Thread for ModelRepositoryProducerStage-0] INFO org.oceandsl.analysis.architecture.ArchitectureModelManagementUtils -- Saving model statistics-model.xmi
00:07:25.415 [Thread for ModelRepositoryProducerStage-0] INFO org.oceandsl.analysis.architecture.ArchitectureModelManagementUtils -- Saving model source-model.xmi
00:07:25.419 [Thread for ModelRepositoryProducerStage-0] DEBUG org.oceandsl.analysis.architecture.stages.ModelRepositoryProducerStage -- Finished runnable stage. (ModelRepositoryProducerStage-0)
real 14.927
user 32.277
sys 4.697
[32m✔ Abstraction finished.[0m
[32m▶ Running MVIS...[0m
00:07:25.609 [main] DEBUG ModelVisualizationMain -- architecture modeler
00:07:25.664 [main] DEBUG teetime.stage.basic.distributor.Distributor:Distributor-0 -- numOpenedInputPorts (inc): 1
00:07:25.665 [main] DEBUG teetime.stage.basic.distributor.Distributor:Distributor-1 -- numOpenedInputPorts (inc): 1
00:07:25.666 [main] DEBUG kieker.analysis.architecture.dependency.DependencyGraphCreatorStage:DependencyGraphCreatorStage-0 -- numOpenedInputPorts (inc): 1
00:07:25.765 [main] DEBUG kieker.analysis.generic.sink.graph.dot.DotFileWriterStage:DotFileWriterStage-0 -- numOpenedInputPorts (inc): 1
00:07:25.770 [main] DEBUG teetime.framework.scheduling.pushpullmodel.A3PipeInstantiation -- Connected (unsynch) teetime.framework.OutputPort@3d3fcdb0 and teetime.framework.InputPort@641147d0
00:07:25.770 [main] DEBUG teetime.framework.scheduling.pushpullmodel.A3PipeInstantiation -- Connected (unsynch) teetime.framework.OutputPort@64d7f7e0 and teetime.framework.InputPort@27c6e487
00:07:25.770 [main] DEBUG teetime.framework.scheduling.pushpullmodel.A3PipeInstantiation -- Connected (unsynch) teetime.framework.OutputPort@28c4711c and teetime.framework.InputPort@59717824
00:07:25.770 [main] DEBUG teetime.framework.scheduling.pushpullmodel.A3PipeInstantiation -- Connected (unsynch) teetime.framework.OutputPort@15d9bc04 and teetime.framework.InputPort@473b46c3
00:07:25.774 [Thread for ModelRepositoryProducerStage-0] DEBUG org.oceandsl.analysis.architecture.stages.ModelRepositoryProducerStage -- Executing runnable stage...
00:07:25.774 [main] DEBUG teetime.framework.Execution -- Using scheduler: teetime.framework.scheduling.pushpullmodel.PushPullScheduling
00:07:25.775 [main] DEBUG ModelVisualizationMain -- Running arch-mod
00:07:25.931 [Thread for ModelRepositoryProducerStage-0] INFO org.oceandsl.analysis.architecture.ArchitectureModelManagementUtils -- Loading model type-model.xmi
00:07:26.238 [Thread for ModelRepositoryProducerStage-0] INFO org.oceandsl.analysis.architecture.ArchitectureModelManagementUtils -- Loading model assembly-model.xmi
00:07:26.561 [Thread for ModelRepositoryProducerStage-0] INFO org.oceandsl.analysis.architecture.ArchitectureModelManagementUtils -- Loading model deployment-model.xmi
00:07:26.771 [Thread for ModelRepositoryProducerStage-0] INFO org.oceandsl.analysis.architecture.ArchitectureModelManagementUtils -- Loading model execution-model.xmi
00:07:27.001 [Thread for ModelRepositoryProducerStage-0] INFO org.oceandsl.analysis.architecture.ArchitectureModelManagementUtils -- Loading model statistics-model.xmi
00:07:27.310 [Thread for ModelRepositoryProducerStage-0] INFO org.oceandsl.analysis.architecture.ArchitectureModelManagementUtils -- Loading model source-model.xmi
00:07:27.626 [Thread for ModelRepositoryProducerStage-0] DEBUG org.oceandsl.analysis.architecture.stages.ModelRepositoryProducerStage -- Finished runnable stage. (ModelRepositoryProducerStage-0)
00:07:27.626 [main] DEBUG ModelVisualizationMain -- Done
real 2.197
user 6.930
sys 0.661
[32m▶ Visualizing graph...[0m
▶ Trying visualization with edge bundling...
real 0.494
user 0.725
sys 0.051
✔ Visualization with edge bundling finished.

[32m============================================================[0m
[32m          ABSTRACTION + VISUALIZATION DONE[0m
[32m============================================================[0m

[32mMAB model:[0m      bin/benchmark-scipy-qtf99/mab_model
[32mDOT graph:[0m      bin/benchmark-scipy-qtf99/mvis_combined/mab_model-component.dot
[32mVisualization:[0m bin/benchmark-scipy-qtf99/mvis_combined/output.svg


BENCH_EXIT_CODE=0

BENCH_RESULT_JSON={"reported_displayed_edges": 113, "exit_code": 0, "original_component_types": 1443, "original_assembly_components": 1443, "original_invocations": 95293, "original_statistics_entries": 79186, "original_source_entries": 478, "final_component_types": 15, "final_assembly_components": 15, "final_deployed_components": 15, "final_operation_types": 17871, "final_assembly_operations": 17871, "final_deployed_operations": 17871, "final_invocations": 9106, "final_invocation_calls": 16634, "final_statistics_entries": 7274, "final_source_entries": 164, "tulip_mode": "requested", "consistency_errors": 0, "mab_attempts": 1, "mab_real_s": 14.927, "mab_user_s": 32.277, "mab_sys_s": 4.697, "mvis_attempts": 1, "mvis_real_s": 2.197, "mvis_user_s": 6.93, "mvis_sys_s": 0.661, "tulip_attempts": 1, "tulip_real_s": 0.494, "tulip_user_s": 0.725, "tulip_sys_s": 0.051, "phases_real_s": 17.618, "warnings": "", "case": "scipy_qtf99", "run": 4, "warmup": 0, "status": "ok", "log": "/home/macintosh/PCARP/benchmark-results/20260922-232121-sl2zpu3g/0067.log", "workflow_real_s": 17.626423, "workflow_user_s": 39.935808, "workflow_sys_s": 5.414027, "original_operation_types": 85273, "original_assembly_operations": 85273, "original_deployed_components": 1444, "original_deployed_operations": 85273, "original_operation_dataflows": 66784, "original_storage_dataflows": 3052, "original_model_bytes": 176682586, "model_bytes": 18274388, "final_operation_dataflows": 27, "final_storage_dataflows": 161}
