
[32m============================================================[0m
[32m                ABSTRACTION-ONLY MODE[0m
[32m============================================================[0m

[32m▶ Abstracting models with MAB...[0m
  Input:  bin/uxsim/mop_model
  Output: bin/benchmark-uxsim-pd1/mab_model
  Level:  A

00:07:28.797 [main] DEBUG tools.abstraction.ModelAbstraction:ModelAbstraction-0 -- numOpenedInputPorts (inc): 1
00:07:28.800 [main] DEBUG org.oceandsl.analysis.architecture.stages.ModelSink:ModelSink-0 -- numOpenedInputPorts (inc): 1
00:07:28.808 [main] DEBUG teetime.framework.scheduling.pushpullmodel.A3PipeInstantiation -- Connected (unsynch) teetime.framework.OutputPort@4cb2c100 and teetime.framework.InputPort@6fb554cc
00:07:28.809 [main] DEBUG teetime.framework.scheduling.pushpullmodel.A3PipeInstantiation -- Connected (unsynch) teetime.framework.OutputPort@6be46e8f and teetime.framework.InputPort@3567135c
00:07:28.813 [Thread for ModelRepositoryProducerStage-0] DEBUG org.oceandsl.analysis.architecture.stages.ModelRepositoryProducerStage -- Executing runnable stage...
00:07:28.813 [main] INFO teetime.framework.Execution -- Using scheduler: teetime.framework.scheduling.pushpullmodel.PushPullScheduling@7f560810
00:07:29.078 [Thread for ModelRepositoryProducerStage-0] INFO org.oceandsl.analysis.architecture.ArchitectureModelManagementUtils -- Loading model type-model.xmi
00:07:29.211 [Thread for ModelRepositoryProducerStage-0] INFO org.oceandsl.analysis.architecture.ArchitectureModelManagementUtils -- Loading model assembly-model.xmi
00:07:29.332 [Thread for ModelRepositoryProducerStage-0] INFO org.oceandsl.analysis.architecture.ArchitectureModelManagementUtils -- Loading model deployment-model.xmi
00:07:29.425 [Thread for ModelRepositoryProducerStage-0] INFO org.oceandsl.analysis.architecture.ArchitectureModelManagementUtils -- Loading model execution-model.xmi
00:07:29.630 [Thread for ModelRepositoryProducerStage-0] INFO org.oceandsl.analysis.architecture.ArchitectureModelManagementUtils -- Loading model statistics-model.xmi
00:07:29.737 [Thread for ModelRepositoryProducerStage-0] INFO org.oceandsl.analysis.architecture.ArchitectureModelManagementUtils -- Loading model source-model.xmi
[32m
===== ORIGINAL MODEL STATE =====
ComponentTypes: 72
AssemblyComponents: 72
Invocations: 1353
Statistics entries: 1352
Source entries: 229[0m
[32mDisplayed edges: 200[0m
Invocations: 1353 -> 1142 (merged 211)
Invocation calls preserved: 66140 -> 66140
[32m
===== COMPLETE MODEL VALIDATION =====
ComponentTypes: 53
AssemblyComponents: 53
DeployedComponents: 55
OperationTypes: 1194
AssemblyOperations: 1194
DeployedOperations: 1196
Invocations: 1142
Invocation call sum: 66140
Statistics entries: 1142
Source entries: 43
Consistency errors: 0[0m
[32mDisplayed edges: 179[0m
00:07:30.131 [Thread for ModelRepositoryProducerStage-0] INFO org.oceandsl.analysis.architecture.ArchitectureModelManagementUtils -- Saving model type-model.xmi
00:07:30.172 [Thread for ModelRepositoryProducerStage-0] INFO org.oceandsl.analysis.architecture.ArchitectureModelManagementUtils -- Saving model assembly-model.xmi
00:07:30.239 [Thread for ModelRepositoryProducerStage-0] INFO org.oceandsl.analysis.architecture.ArchitectureModelManagementUtils -- Saving model deployment-model.xmi
00:07:30.292 [Thread for ModelRepositoryProducerStage-0] INFO org.oceandsl.analysis.architecture.ArchitectureModelManagementUtils -- Saving model execution-model.xmi
00:07:30.472 [Thread for ModelRepositoryProducerStage-0] INFO org.oceandsl.analysis.architecture.ArchitectureModelManagementUtils -- Saving model statistics-model.xmi
00:07:30.568 [Thread for ModelRepositoryProducerStage-0] INFO org.oceandsl.analysis.architecture.ArchitectureModelManagementUtils -- Saving model source-model.xmi
00:07:30.569 [Thread for ModelRepositoryProducerStage-0] DEBUG org.oceandsl.analysis.architecture.stages.ModelRepositoryProducerStage -- Finished runnable stage. (ModelRepositoryProducerStage-0)
real 1.992
user 6.973
sys 0.608
[32m✔ Abstraction finished.[0m
[32m▶ Running MVIS...[0m
00:07:30.811 [main] DEBUG ModelVisualizationMain -- architecture modeler
00:07:30.996 [main] DEBUG teetime.stage.basic.distributor.Distributor:Distributor-0 -- numOpenedInputPorts (inc): 1
00:07:30.998 [main] DEBUG teetime.stage.basic.distributor.Distributor:Distributor-1 -- numOpenedInputPorts (inc): 1
00:07:31.000 [main] DEBUG kieker.analysis.architecture.dependency.DependencyGraphCreatorStage:DependencyGraphCreatorStage-0 -- numOpenedInputPorts (inc): 1
00:07:31.239 [main] DEBUG kieker.analysis.generic.sink.graph.dot.DotFileWriterStage:DotFileWriterStage-0 -- numOpenedInputPorts (inc): 1
00:07:31.246 [main] DEBUG teetime.framework.scheduling.pushpullmodel.A3PipeInstantiation -- Connected (unsynch) teetime.framework.OutputPort@3d3fcdb0 and teetime.framework.InputPort@641147d0
00:07:31.246 [main] DEBUG teetime.framework.scheduling.pushpullmodel.A3PipeInstantiation -- Connected (unsynch) teetime.framework.OutputPort@64d7f7e0 and teetime.framework.InputPort@27c6e487
00:07:31.246 [main] DEBUG teetime.framework.scheduling.pushpullmodel.A3PipeInstantiation -- Connected (unsynch) teetime.framework.OutputPort@28c4711c and teetime.framework.InputPort@59717824
00:07:31.246 [main] DEBUG teetime.framework.scheduling.pushpullmodel.A3PipeInstantiation -- Connected (unsynch) teetime.framework.OutputPort@15d9bc04 and teetime.framework.InputPort@473b46c3
00:07:31.249 [main] DEBUG teetime.framework.Execution -- Using scheduler: teetime.framework.scheduling.pushpullmodel.PushPullScheduling
00:07:31.249 [Thread for ModelRepositoryProducerStage-0] DEBUG org.oceandsl.analysis.architecture.stages.ModelRepositoryProducerStage -- Executing runnable stage...
00:07:31.250 [main] DEBUG ModelVisualizationMain -- Running arch-mod
00:07:31.419 [Thread for ModelRepositoryProducerStage-0] INFO org.oceandsl.analysis.architecture.ArchitectureModelManagementUtils -- Loading model type-model.xmi
00:07:31.533 [Thread for ModelRepositoryProducerStage-0] INFO org.oceandsl.analysis.architecture.ArchitectureModelManagementUtils -- Loading model assembly-model.xmi
00:07:31.602 [Thread for ModelRepositoryProducerStage-0] INFO org.oceandsl.analysis.architecture.ArchitectureModelManagementUtils -- Loading model deployment-model.xmi
00:07:31.657 [Thread for ModelRepositoryProducerStage-0] INFO org.oceandsl.analysis.architecture.ArchitectureModelManagementUtils -- Loading model execution-model.xmi
00:07:31.801 [Thread for ModelRepositoryProducerStage-0] INFO org.oceandsl.analysis.architecture.ArchitectureModelManagementUtils -- Loading model statistics-model.xmi
00:07:31.895 [Thread for ModelRepositoryProducerStage-0] INFO org.oceandsl.analysis.architecture.ArchitectureModelManagementUtils -- Loading model source-model.xmi
00:07:32.089 [Thread for ModelRepositoryProducerStage-0] DEBUG org.oceandsl.analysis.architecture.stages.ModelRepositoryProducerStage -- Finished runnable stage. (ModelRepositoryProducerStage-0)
00:07:32.090 [main] DEBUG ModelVisualizationMain -- Done
real 1.503
user 4.375
sys 0.316
[32m▶ Visualizing graph...[0m
▶ Trying visualization with edge bundling...
real 0.575
user 1.264
sys 0.049
✔ Visualization with edge bundling finished.

[32m============================================================[0m
[32m          ABSTRACTION + VISUALIZATION DONE[0m
[32m============================================================[0m

[32mMAB model:[0m      bin/benchmark-uxsim-pd1/mab_model
[32mDOT graph:[0m      bin/benchmark-uxsim-pd1/mvis_combined/mab_model-component.dot
[32mVisualization:[0m bin/benchmark-uxsim-pd1/mvis_combined/output.svg


BENCH_EXIT_CODE=0

BENCH_RESULT_JSON={"reported_displayed_edges": 179, "exit_code": 0, "original_component_types": 72, "original_assembly_components": 72, "original_invocations": 1353, "original_statistics_entries": 1352, "original_source_entries": 229, "final_component_types": 53, "final_assembly_components": 53, "final_deployed_components": 55, "final_operation_types": 1194, "final_assembly_operations": 1194, "final_deployed_operations": 1196, "final_invocations": 1142, "final_invocation_calls": 66140, "final_statistics_entries": 1142, "final_source_entries": 43, "tulip_mode": "requested", "consistency_errors": 0, "mab_attempts": 1, "mab_real_s": 1.992, "mab_user_s": 6.973, "mab_sys_s": 0.608, "mvis_attempts": 1, "mvis_real_s": 1.503, "mvis_user_s": 4.375, "mvis_sys_s": 0.316, "tulip_attempts": 1, "tulip_real_s": 0.575, "tulip_user_s": 1.264, "tulip_sys_s": 0.049, "phases_real_s": 4.07, "warnings": "", "case": "uxsim_pd1", "run": 4, "warmup": 0, "status": "ok", "log": "/home/macintosh/PCARP/benchmark-results/20260922-232121-sl2zpu3g/0068.log", "workflow_real_s": 4.078673, "workflow_user_s": 12.613958, "workflow_sys_s": 0.97988, "original_operation_types": 2247, "original_assembly_operations": 2247, "original_deployed_components": 78, "original_deployed_operations": 2247, "original_operation_dataflows": 1389, "original_storage_dataflows": 148, "original_model_bytes": 3583096, "model_bytes": 2257210, "final_operation_dataflows": 750, "final_storage_dataflows": 12}
