
[32m============================================================[0m
[32m                ABSTRACTION-ONLY MODE[0m
[32m============================================================[0m

[32m▶ Abstracting models with MAB...[0m
  Input:  bin/scipy/mop_model
  Output: bin/benchmark-scipy-identity/mab_model
  Level:  I

00:11:27.857 [main] DEBUG tools.abstraction.ModelAbstraction:ModelAbstraction-0 -- numOpenedInputPorts (inc): 1
00:11:27.861 [main] DEBUG org.oceandsl.analysis.architecture.stages.ModelSink:ModelSink-0 -- numOpenedInputPorts (inc): 1
00:11:27.868 [main] DEBUG teetime.framework.scheduling.pushpullmodel.A3PipeInstantiation -- Connected (unsynch) teetime.framework.OutputPort@4cb2c100 and teetime.framework.InputPort@6fb554cc
00:11:27.869 [main] DEBUG teetime.framework.scheduling.pushpullmodel.A3PipeInstantiation -- Connected (unsynch) teetime.framework.OutputPort@6be46e8f and teetime.framework.InputPort@3567135c
00:11:27.873 [Thread for ModelRepositoryProducerStage-0] DEBUG org.oceandsl.analysis.architecture.stages.ModelRepositoryProducerStage -- Executing runnable stage...
00:11:27.873 [main] INFO teetime.framework.Execution -- Using scheduler: teetime.framework.scheduling.pushpullmodel.PushPullScheduling@7f560810
00:11:28.157 [Thread for ModelRepositoryProducerStage-0] INFO org.oceandsl.analysis.architecture.ArchitectureModelManagementUtils -- Loading model type-model.xmi
00:11:28.706 [Thread for ModelRepositoryProducerStage-0] INFO org.oceandsl.analysis.architecture.ArchitectureModelManagementUtils -- Loading model assembly-model.xmi
00:11:29.531 [Thread for ModelRepositoryProducerStage-0] INFO org.oceandsl.analysis.architecture.ArchitectureModelManagementUtils -- Loading model deployment-model.xmi
00:11:30.144 [Thread for ModelRepositoryProducerStage-0] INFO org.oceandsl.analysis.architecture.ArchitectureModelManagementUtils -- Loading model execution-model.xmi
00:11:33.897 [Thread for ModelRepositoryProducerStage-0] INFO org.oceandsl.analysis.architecture.ArchitectureModelManagementUtils -- Loading model statistics-model.xmi
00:11:36.661 [Thread for ModelRepositoryProducerStage-0] INFO org.oceandsl.analysis.architecture.ArchitectureModelManagementUtils -- Loading model source-model.xmi
[32m
===== ORIGINAL MODEL STATE =====
ComponentTypes: 1443
AssemblyComponents: 1443
Invocations: 95293
Statistics entries: 79186
Source entries: 478[0m
[32mDisplayed edges: 10032[0m
00:11:38.451 [Thread for ModelRepositoryProducerStage-0] INFO org.oceandsl.analysis.architecture.ArchitectureModelManagementUtils -- Saving model type-model.xmi
00:11:38.760 [Thread for ModelRepositoryProducerStage-0] INFO org.oceandsl.analysis.architecture.ArchitectureModelManagementUtils -- Saving model assembly-model.xmi
00:11:39.276 [Thread for ModelRepositoryProducerStage-0] INFO org.oceandsl.analysis.architecture.ArchitectureModelManagementUtils -- Saving model deployment-model.xmi
00:11:39.964 [Thread for ModelRepositoryProducerStage-0] INFO org.oceandsl.analysis.architecture.ArchitectureModelManagementUtils -- Saving model execution-model.xmi
00:11:43.903 [Thread for ModelRepositoryProducerStage-0] INFO org.oceandsl.analysis.architecture.ArchitectureModelManagementUtils -- Saving model statistics-model.xmi
00:11:44.556 [Thread for ModelRepositoryProducerStage-0] INFO org.oceandsl.analysis.architecture.ArchitectureModelManagementUtils -- Saving model source-model.xmi
00:11:44.564 [Thread for ModelRepositoryProducerStage-0] DEBUG org.oceandsl.analysis.architecture.stages.ModelRepositoryProducerStage -- Finished runnable stage. (ModelRepositoryProducerStage-0)
real 16.895
user 28.624
sys 7.437
[32m✔ Abstraction finished.[0m
[32m▶ Running MVIS...[0m
00:11:44.743 [main] DEBUG ModelVisualizationMain -- architecture modeler
00:11:44.795 [main] DEBUG teetime.stage.basic.distributor.Distributor:Distributor-0 -- numOpenedInputPorts (inc): 1
00:11:44.797 [main] DEBUG teetime.stage.basic.distributor.Distributor:Distributor-1 -- numOpenedInputPorts (inc): 1
00:11:44.798 [main] DEBUG kieker.analysis.architecture.dependency.DependencyGraphCreatorStage:DependencyGraphCreatorStage-0 -- numOpenedInputPorts (inc): 1
00:11:44.894 [main] DEBUG kieker.analysis.generic.sink.graph.dot.DotFileWriterStage:DotFileWriterStage-0 -- numOpenedInputPorts (inc): 1
00:11:44.899 [main] DEBUG teetime.framework.scheduling.pushpullmodel.A3PipeInstantiation -- Connected (unsynch) teetime.framework.OutputPort@3d3fcdb0 and teetime.framework.InputPort@641147d0
00:11:44.899 [main] DEBUG teetime.framework.scheduling.pushpullmodel.A3PipeInstantiation -- Connected (unsynch) teetime.framework.OutputPort@64d7f7e0 and teetime.framework.InputPort@27c6e487
00:11:44.899 [main] DEBUG teetime.framework.scheduling.pushpullmodel.A3PipeInstantiation -- Connected (unsynch) teetime.framework.OutputPort@28c4711c and teetime.framework.InputPort@59717824
00:11:44.899 [main] DEBUG teetime.framework.scheduling.pushpullmodel.A3PipeInstantiation -- Connected (unsynch) teetime.framework.OutputPort@15d9bc04 and teetime.framework.InputPort@473b46c3
00:11:44.901 [Thread for ModelRepositoryProducerStage-0] DEBUG org.oceandsl.analysis.architecture.stages.ModelRepositoryProducerStage -- Executing runnable stage...
00:11:44.902 [main] DEBUG teetime.framework.Execution -- Using scheduler: teetime.framework.scheduling.pushpullmodel.PushPullScheduling
00:11:44.902 [main] DEBUG ModelVisualizationMain -- Running arch-mod
00:11:45.085 [Thread for ModelRepositoryProducerStage-0] INFO org.oceandsl.analysis.architecture.ArchitectureModelManagementUtils -- Loading model type-model.xmi
00:11:45.764 [Thread for ModelRepositoryProducerStage-0] INFO org.oceandsl.analysis.architecture.ArchitectureModelManagementUtils -- Loading model assembly-model.xmi
00:11:46.849 [Thread for ModelRepositoryProducerStage-0] INFO org.oceandsl.analysis.architecture.ArchitectureModelManagementUtils -- Loading model deployment-model.xmi
00:11:47.634 [Thread for ModelRepositoryProducerStage-0] INFO org.oceandsl.analysis.architecture.ArchitectureModelManagementUtils -- Loading model execution-model.xmi
00:11:51.465 [Thread for ModelRepositoryProducerStage-0] INFO org.oceandsl.analysis.architecture.ArchitectureModelManagementUtils -- Loading model statistics-model.xmi
00:11:53.388 [Thread for ModelRepositoryProducerStage-0] INFO org.oceandsl.analysis.architecture.ArchitectureModelManagementUtils -- Loading model source-model.xmi
00:12:32.614 [Thread for ModelRepositoryProducerStage-0] DEBUG org.oceandsl.analysis.architecture.stages.ModelRepositoryProducerStage -- Finished runnable stage. (ModelRepositoryProducerStage-0)
00:12:32.614 [main] DEBUG ModelVisualizationMain -- Done
real 48.060
user 59.313
sys 7.023
[32m▶ Visualizing graph...[0m
▶ Trying visualization with edge bundling...
real 141.124
user 189.666
sys 0.563
✔ Visualization with edge bundling finished.

[32m============================================================[0m
[32m          ABSTRACTION + VISUALIZATION DONE[0m
[32m============================================================[0m

[32mMAB model:[0m      bin/benchmark-scipy-identity/mab_model
[32mDOT graph:[0m      bin/benchmark-scipy-identity/mvis_combined/mab_model-component.dot
[32mVisualization:[0m bin/benchmark-scipy-identity/mvis_combined/output.svg


BENCH_EXIT_CODE=0

BENCH_RESULT_JSON={"reported_displayed_edges": 10032, "exit_code": 0, "original_component_types": 1443, "original_assembly_components": 1443, "original_invocations": 95293, "original_statistics_entries": 79186, "original_source_entries": 478, "tulip_mode": "requested", "mab_attempts": 1, "mab_real_s": 16.895, "mab_user_s": 28.624, "mab_sys_s": 7.437, "mvis_attempts": 1, "mvis_real_s": 48.06, "mvis_user_s": 59.313, "mvis_sys_s": 7.023, "tulip_attempts": 1, "tulip_real_s": 141.124, "tulip_user_s": 189.666, "tulip_sys_s": 0.563, "phases_real_s": 206.079, "warnings": "", "case": "scipy_identity", "run": 5, "warmup": 0, "status": "ok", "log": "/home/macintosh/PCARP/benchmark-results/20260922-232121-sl2zpu3g/0083.log", "workflow_real_s": 206.108171, "workflow_user_s": 277.604557, "workflow_sys_s": 15.050717, "original_operation_types": 85273, "original_assembly_operations": 85273, "original_deployed_components": 1444, "original_deployed_operations": 85273, "original_operation_dataflows": 66784, "original_storage_dataflows": 3052, "original_model_bytes": 176682586, "model_bytes": 181556620, "final_component_types": 1443, "final_operation_types": 85273, "final_assembly_components": 1443, "final_assembly_operations": 85273, "final_deployed_components": 1444, "final_deployed_operations": 85273, "final_invocations": 95293, "final_operation_dataflows": 66784, "final_storage_dataflows": 3052, "final_statistics_entries": 79186, "final_source_entries": 478}
