
[32m============================================================[0m
[32m                ABSTRACTION-ONLY MODE[0m
[32m============================================================[0m

[32m▶ Abstracting models with MAB...[0m
  Input:  bin/anytree/mop_model
  Output: bin/benchmark-anytree-cluster/mab_model
  Level:  C

00:33:13.239 [main] DEBUG tools.abstraction.ModelAbstraction:ModelAbstraction-0 -- numOpenedInputPorts (inc): 1
00:33:13.243 [main] DEBUG org.oceandsl.analysis.architecture.stages.ModelSink:ModelSink-0 -- numOpenedInputPorts (inc): 1
00:33:13.250 [main] DEBUG teetime.framework.scheduling.pushpullmodel.A3PipeInstantiation -- Connected (unsynch) teetime.framework.OutputPort@4cb2c100 and teetime.framework.InputPort@6fb554cc
00:33:13.251 [main] DEBUG teetime.framework.scheduling.pushpullmodel.A3PipeInstantiation -- Connected (unsynch) teetime.framework.OutputPort@6be46e8f and teetime.framework.InputPort@3567135c
00:33:13.256 [Thread for ModelRepositoryProducerStage-0] DEBUG org.oceandsl.analysis.architecture.stages.ModelRepositoryProducerStage -- Executing runnable stage...
00:33:13.256 [main] INFO teetime.framework.Execution -- Using scheduler: teetime.framework.scheduling.pushpullmodel.PushPullScheduling@7f560810
00:33:13.590 [Thread for ModelRepositoryProducerStage-0] INFO org.oceandsl.analysis.architecture.ArchitectureModelManagementUtils -- Loading model type-model.xmi
00:33:13.706 [Thread for ModelRepositoryProducerStage-0] INFO org.oceandsl.analysis.architecture.ArchitectureModelManagementUtils -- Loading model assembly-model.xmi
00:33:13.760 [Thread for ModelRepositoryProducerStage-0] INFO org.oceandsl.analysis.architecture.ArchitectureModelManagementUtils -- Loading model deployment-model.xmi
00:33:13.794 [Thread for ModelRepositoryProducerStage-0] INFO org.oceandsl.analysis.architecture.ArchitectureModelManagementUtils -- Loading model execution-model.xmi
00:33:13.880 [Thread for ModelRepositoryProducerStage-0] INFO org.oceandsl.analysis.architecture.ArchitectureModelManagementUtils -- Loading model statistics-model.xmi
00:33:13.952 [Thread for ModelRepositoryProducerStage-0] INFO org.oceandsl.analysis.architecture.ArchitectureModelManagementUtils -- Loading model source-model.xmi
[32m
===== ORIGINAL MODEL STATE =====
ComponentTypes: 85
AssemblyComponents: 85
Invocations: 387
Statistics entries: 388
Source entries: 224[0m
[32mDisplayed edges: 172[0m

Component communication edges: 154
Components participating in communication: 68
[35m
===== AUTOMATIC RESOLUTION SELECTION =====[0m
Resolution  Clusters  Modularity   Largest      Singletons   Valid   
0.25        2         0.232384     86.76%       0.00%        no      
0.50        3         0.390553     58.82%       0.00%        no      
0.75        4         0.464486     41.18%       0.00%        yes     
1.00        5         0.471049     25.00%       0.00%        yes     
1.25        7         0.464533     22.06%       0.00%        yes     
1.50        8         0.461587     20.59%       0.00%        yes     
2.00        11        0.430922     19.12%       0.00%        no      
3.00        12        0.413200     13.24%       1.47%        no      
[32mSelected resolution: 1.00
[0m[35m
===== LEIDEN CLUSTERING =====[0m
Quality function: modularity
Resolution: 1.0000
Seed: 0
Nodes: 68
Edges: 154
Clusters: 5
Modularity quality: 0.471049
Internal raw-call share: 70.90%

CLUSTER:1
  _pickle._pickle
  anytree.exporter.dictexporter
  anytree.exporter.dictexporter.DictExporter
  anytree.exporter.dotexporter
  anytree.exporter.jsonexporter
  anytree.exporter.mermaidexporter
  anytree.importer.dictimporter
  anytree.importer.dictimporter.DictImporter
  anytree.importer.jsonimporter
  calendar.calendar
  os.os
  ossaudiodev.ossaudiodev
  pdb.pdb
  platform.platform
  subprocess.subprocess
  tempfile.tempfile
  tkinter.tkinter

CLUSTER:2
  _sqlite3._sqlite3
  _weakrefset._weakrefset
  anytree.cachedsearch
  anytree.iterators.abstractiter
  anytree.iterators.levelordergroupiter
  anytree.iterators.levelorderiter
  anytree.iterators.postorderiter
  anytree.iterators.preorderiter
  anytree.node.symlinknodemixin
  anytree.render
  anytree.resolver
  anytree.resolver.Resolver
  anytree.search
  anytree.search.CountError
  asyncio.asyncio
  ftplib.ftplib
  functools.functools

CLUSTER:3
  anytree.config
  anytree.dotexport
  anytree.iterators.levelordergroupiter.LevelOrderGroupIter
  anytree.iterators.zigzaggroupiter
  anytree.node.anynode
  anytree.node.node
  anytree.node.symlinknode
  anytree.node.util
  anytree.util.__init__
  anytree.walker
  anytree.walker.WalkError
  builtins.builtins
  logging.logging
  math.math
  shutil.shutil

CLUSTER:4
  ++unknown-component++
  anytree.exporter.dotexporter.DotExporter
  anytree.iterators.abstractiter.AbstractIter
  anytree.iterators.levelorderiter.LevelOrderIter
  anytree.iterators.preorderiter.PreOrderIter
  anytree.node.node.Node
  anytree.node.nodemixin.NodeMixin
  anytree.render.AbstractStyle
  anytree.render.ContStyle
  anytree.render.RenderTree

CLUSTER:5
  anytree.node.exceptions.LoopError
  anytree.node.exceptions.TreeError
  anytree.node.lightnodemixin
  anytree.node.nodemixin
  audioop.audioop
  pydoc.pydoc
  re.re
  tokenize.tokenize
  unittest.unittest

===== CLUSTER TRANSFORMATION =====
Clustered components: 68
Residual components: 17
[32m
Leiden clustering completed.[0m
[32m
===== COMPLETE MODEL VALIDATION =====
ComponentTypes: 85
AssemblyComponents: 85
DeployedComponents: 93
OperationTypes: 576
AssemblyOperations: 576
DeployedOperations: 576
Invocations: 387
Invocation call sum: 727
Statistics entries: 388
Source entries: 224
Consistency errors: 0[0m
[32mDisplayed edges: 172[0m
00:33:14.210 [Thread for ModelRepositoryProducerStage-0] INFO org.oceandsl.analysis.architecture.ArchitectureModelManagementUtils -- Saving model type-model.xmi
00:33:14.255 [Thread for ModelRepositoryProducerStage-0] INFO org.oceandsl.analysis.architecture.ArchitectureModelManagementUtils -- Saving model assembly-model.xmi
00:33:14.309 [Thread for ModelRepositoryProducerStage-0] INFO org.oceandsl.analysis.architecture.ArchitectureModelManagementUtils -- Saving model deployment-model.xmi
00:33:14.349 [Thread for ModelRepositoryProducerStage-0] INFO org.oceandsl.analysis.architecture.ArchitectureModelManagementUtils -- Saving model execution-model.xmi
00:33:14.416 [Thread for ModelRepositoryProducerStage-0] INFO org.oceandsl.analysis.architecture.ArchitectureModelManagementUtils -- Saving model statistics-model.xmi
00:33:14.456 [Thread for ModelRepositoryProducerStage-0] INFO org.oceandsl.analysis.architecture.ArchitectureModelManagementUtils -- Saving model source-model.xmi
00:33:14.466 [Thread for ModelRepositoryProducerStage-0] DEBUG org.oceandsl.analysis.architecture.stages.ModelRepositoryProducerStage -- Finished runnable stage. (ModelRepositoryProducerStage-0)
real 1.418
user 4.846
sys 0.360
[32m✔ Abstraction finished.[0m
[32m▶ Running MVIS...[0m
00:33:14.646 [main] DEBUG ModelVisualizationMain -- architecture modeler
00:33:14.695 [main] DEBUG teetime.stage.basic.distributor.Distributor:Distributor-0 -- numOpenedInputPorts (inc): 1
00:33:14.696 [main] DEBUG teetime.stage.basic.distributor.Distributor:Distributor-1 -- numOpenedInputPorts (inc): 1
00:33:14.697 [main] DEBUG kieker.analysis.architecture.dependency.DependencyGraphCreatorStage:DependencyGraphCreatorStage-0 -- numOpenedInputPorts (inc): 1
00:33:14.793 [main] DEBUG kieker.analysis.generic.sink.graph.dot.DotFileWriterStage:DotFileWriterStage-0 -- numOpenedInputPorts (inc): 1
00:33:14.799 [main] DEBUG teetime.framework.scheduling.pushpullmodel.A3PipeInstantiation -- Connected (unsynch) teetime.framework.OutputPort@3d3fcdb0 and teetime.framework.InputPort@641147d0
00:33:14.799 [main] DEBUG teetime.framework.scheduling.pushpullmodel.A3PipeInstantiation -- Connected (unsynch) teetime.framework.OutputPort@64d7f7e0 and teetime.framework.InputPort@27c6e487
00:33:14.799 [main] DEBUG teetime.framework.scheduling.pushpullmodel.A3PipeInstantiation -- Connected (unsynch) teetime.framework.OutputPort@28c4711c and teetime.framework.InputPort@59717824
00:33:14.799 [main] DEBUG teetime.framework.scheduling.pushpullmodel.A3PipeInstantiation -- Connected (unsynch) teetime.framework.OutputPort@15d9bc04 and teetime.framework.InputPort@473b46c3
00:33:14.802 [Thread for ModelRepositoryProducerStage-0] DEBUG org.oceandsl.analysis.architecture.stages.ModelRepositoryProducerStage -- Executing runnable stage...
00:33:14.802 [main] DEBUG teetime.framework.Execution -- Using scheduler: teetime.framework.scheduling.pushpullmodel.PushPullScheduling
00:33:14.803 [main] DEBUG ModelVisualizationMain -- Running arch-mod
00:33:14.974 [Thread for ModelRepositoryProducerStage-0] INFO org.oceandsl.analysis.architecture.ArchitectureModelManagementUtils -- Loading model type-model.xmi
00:33:15.082 [Thread for ModelRepositoryProducerStage-0] INFO org.oceandsl.analysis.architecture.ArchitectureModelManagementUtils -- Loading model assembly-model.xmi
00:33:15.134 [Thread for ModelRepositoryProducerStage-0] INFO org.oceandsl.analysis.architecture.ArchitectureModelManagementUtils -- Loading model deployment-model.xmi
00:33:15.173 [Thread for ModelRepositoryProducerStage-0] INFO org.oceandsl.analysis.architecture.ArchitectureModelManagementUtils -- Loading model execution-model.xmi
00:33:15.266 [Thread for ModelRepositoryProducerStage-0] INFO org.oceandsl.analysis.architecture.ArchitectureModelManagementUtils -- Loading model statistics-model.xmi
00:33:15.353 [Thread for ModelRepositoryProducerStage-0] INFO org.oceandsl.analysis.architecture.ArchitectureModelManagementUtils -- Loading model source-model.xmi
00:33:15.508 [Thread for ModelRepositoryProducerStage-0] DEBUG org.oceandsl.analysis.architecture.stages.ModelRepositoryProducerStage -- Finished runnable stage. (ModelRepositoryProducerStage-0)
00:33:15.509 [main] DEBUG ModelVisualizationMain -- Done
real 1.032
user 3.132
sys 0.237
[32m▶ Visualizing graph...[0m
▶ Trying visualization with edge bundling...
real 0.675
user 1.587
sys 0.056
✔ Visualization with edge bundling finished.

[32m============================================================[0m
[32m          ABSTRACTION + VISUALIZATION DONE[0m
[32m============================================================[0m

[32mMAB model:[0m      bin/benchmark-anytree-cluster/mab_model
[32mDOT graph:[0m      bin/benchmark-anytree-cluster/mvis_combined/mab_model-component.dot
[32mVisualization:[0m bin/benchmark-anytree-cluster/mvis_combined/output.svg


BENCH_EXIT_CODE=0

BENCH_RESULT_JSON={"reported_displayed_edges": 172, "exit_code": 0, "original_component_types": 85, "original_assembly_components": 85, "original_invocations": 387, "original_statistics_entries": 388, "original_source_entries": 224, "final_component_types": 85, "final_assembly_components": 85, "final_deployed_components": 93, "final_operation_types": 576, "final_assembly_operations": 576, "final_deployed_operations": 576, "final_invocations": 387, "final_invocation_calls": 727, "final_statistics_entries": 388, "final_source_entries": 224, "tulip_mode": "requested", "consistency_errors": 0, "mab_attempts": 1, "mab_real_s": 1.418, "mab_user_s": 4.846, "mab_sys_s": 0.36, "mvis_attempts": 1, "mvis_real_s": 1.032, "mvis_user_s": 3.132, "mvis_sys_s": 0.237, "tulip_attempts": 1, "tulip_real_s": 0.675, "tulip_user_s": 1.587, "tulip_sys_s": 0.056, "phases_real_s": 3.125, "warnings": "", "case": "anytree_cluster", "run": 8, "warmup": 0, "status": "ok", "log": "/home/macintosh/PCARP/benchmark-results/20260922-232121-sl2zpu3g/0114.log", "workflow_real_s": 3.132494, "workflow_user_s": 9.572108, "workflow_sys_s": 0.653601, "original_operation_types": 576, "original_assembly_operations": 576, "original_deployed_components": 93, "original_deployed_operations": 576, "original_operation_dataflows": 202, "original_storage_dataflows": 53, "original_model_bytes": 937572, "model_bytes": 939499, "final_operation_dataflows": 202, "final_storage_dataflows": 53}
